Component: ARM Compiler 5.06 update 7 (build 960) Tool: armlink [4d3601]

==============================================================================

Section Cross References

    cmdprocess.o(i.CmdExec) refers to tasks.o(i.vTaskDelay) for vTaskDelay
    cmdprocess.o(i.CmdExec) refers to system.o(i.System_Reset) for System_Reset
    cmdprocess.o(i.CmdExec) refers to stm32_spi.o(i.SPI4_DeInit) for SPI4_DeInit
    cmdprocess.o(i.CmdExec) refers to stm32_spi.o(i.SPI4_Config_Init) for SPI4_Config_Init
    cmdprocess.o(i.CmdExec) refers to cmdprocess.o(i.FillCmdAck) for FillCmdAck
    cmdprocess.o(i.CmdExec) refers to stm32_spi.o(i.IsSingleSpiInit) for IsSingleSpiInit
    cmdprocess.o(i.CmdExec) refers to system.o(i.System_Reconfig) for System_Reconfig
    cmdprocess.o(i.CmdExec) refers to cmdprocess.o(i.DoWriteReg) for DoWriteReg
    cmdprocess.o(i.CmdExec) refers to cmdprocess.o(i.DoReadReg) for DoReadReg
    cmdprocess.o(i.CmdExec) refers to cmdprocess.o(i.DoWritePara) for DoWritePara
    cmdprocess.o(i.CmdExec) refers to cmdprocess.o(i.DoReadPara) for DoReadPara
    cmdprocess.o(i.CmdExec) refers to cmdprocess.o(i.Set_PDCalibrationPara) for Set_PDCalibrationPara
    cmdprocess.o(i.CmdExec) refers to cmdprocess.o(i.Read_PDCalibPara) for Read_PDCalibPara
    cmdprocess.o(i.CmdExec) refers to cmdprocess.o(i.DoTrackOneMod) for DoTrackOneMod
    cmdprocess.o(i.CmdExec) refers to cmdprocess.o(i.DoTrackTwoMod) for DoTrackTwoMod
    cmdprocess.o(i.CmdExec) refers to cmdprocess.o(i.DoWriteSn) for DoWriteSn
    cmdprocess.o(i.CmdExec) refers to cmdprocess.o(i.DoReadSn) for DoReadSn
    cmdprocess.o(i.CmdExec) refers to cmdprocess.o(i.DoCascadingMode) for DoCascadingMode
    cmdprocess.o(i.CmdExec) refers to cmdprocess.o(i.DoGetAppRun) for DoGetAppRun
    cmdprocess.o(i.CmdExec) refers to cmdprocess.o(i.DoGetDeviceID) for DoGetDeviceID
    cmdprocess.o(i.CmdExec) refers to cmdprocess.o(i.DoGetAppUse) for DoGetAppUse
    cmdprocess.o(i.CmdExec) refers to cmdprocess.o(i.DoSoftReset) for DoSoftReset
    cmdprocess.o(i.CmdExec) refers to cmdprocess.o(i.DoGetWhichDemo) for DoGetWhichDemo
    cmdprocess.o(i.CmdExec) refers to queue.o(i.uxQueueSpacesAvailable) for uxQueueSpacesAvailable
    cmdprocess.o(i.CmdExec) refers to usb_transfer.o(i.UsbTransfer_Send2UsbDataQueue) for UsbTransfer_Send2UsbDataQueue
    cmdprocess.o(i.CmdExec) refers to config.o(i.Config_SavePara2Flash) for Config_SavePara2Flash
    cmdprocess.o(i.CmdExec) refers to cmdprocess.o(.constdata) for .constdata
    cmdprocess.o(i.CmdExec) refers to cmdprocess.o(.data) for CmdModeFlag
    cmdprocess.o(i.CmdExec) refers to stm32_spi.o(.data) for isSingleSPI
    cmdprocess.o(i.CmdExec) refers to cmdprocess.o(.bss) for CmdAck
    cmdprocess.o(i.CmdExec) refers to usb_transfer.o(.data) for usbDataQueue
    cmdprocess.o(i.CmdProcTask) refers to queue.o(i.xQueueReceive) for xQueueReceive
    cmdprocess.o(i.CmdProcTask) refers to cmdprocess.o(i.CmdProcess) for CmdProcess
    cmdprocess.o(i.CmdProcTask) refers to cmdprocess.o(.data) for cmdDataQueue
    cmdprocess.o(i.CmdProc_AdcReset) refers to platform.o(i.Delay) for Delay
    cmdprocess.o(i.CmdProc_AdcReset) refers to stm32_spi.o(i.SPI4_Write) for SPI4_Write
    cmdprocess.o(i.CmdProc_AdcReset) refers to stm32_spi.o(i.SPI4_Read) for SPI4_Read
    cmdprocess.o(i.CmdProc_AdcReset) refers to cmdprocess.o(.data) for enableResetAdc
    cmdprocess.o(i.CmdProc_AdcReset) refers to banyan.o(.data) for g_TxCount
    cmdprocess.o(i.CmdProc_InCmdMode) refers to cmdprocess.o(.data) for CmdModeFlag
    cmdprocess.o(i.CmdProc_Init) refers to memseta.o(.text) for __aeabi_memclr
    cmdprocess.o(i.CmdProc_Init) refers to usbd_cdc_if.o(.bss) for g_cmdRecv
    cmdprocess.o(i.CmdProc_IsInDebugMode) refers to cmdprocess.o(.data) for DebugModeFlag
    cmdprocess.o(i.CmdProc_NopConfig) refers to platform.o(i.Delay) for Delay
    cmdprocess.o(i.CmdProc_NopConfig) refers to stm32_spi.o(i.SPI4_Write) for SPI4_Write
    cmdprocess.o(i.CmdProc_NopConfig) refers to cmdprocess.o(.data) for enableNopConfig
    cmdprocess.o(i.CmdProc_NopConfig) refers to cmdprocess.o(.bss) for nopConfigStartRegister
    cmdprocess.o(i.CmdProc_NopConfig) refers to banyan.o(.data) for g_TxCount
    cmdprocess.o(i.CmdProc_Send2CmdDataQueue) refers to queue.o(i.xQueueGenericSendFromISR) for xQueueGenericSendFromISR
    cmdprocess.o(i.CmdProc_Send2CmdDataQueue) refers to platform.o(i.Indicator_CmdDataRecvOverFlow) for Indicator_CmdDataRecvOverFlow
    cmdprocess.o(i.CmdProc_Send2CmdDataQueue) refers to cmdprocess.o(.data) for cmdDataQueue
    cmdprocess.o(i.CmdProc_TaskInit) refers to queue.o(i.xQueueGenericCreate) for xQueueGenericCreate
    cmdprocess.o(i.CmdProc_TaskInit) refers to memcpya.o(.text) for __aeabi_memcpy4
    cmdprocess.o(i.CmdProc_TaskInit) refers to cmsis_os.o(i.osThreadCreate) for osThreadCreate
    cmdprocess.o(i.CmdProc_TaskInit) refers to utilities.o(i.RunFailed) for RunFailed
[...]
    Indicator_RadarDataReceived              0x08006afd   Thumb Code    36  platform.o(i.Indicator_RadarDataReceived)
    Indicator_RadarDataRecvOverFlow          0x08006b25   Thumb Code    10  platform.o(i.Indicator_RadarDataRecvOverFlow)
    Indicator_RadarDataSendOverFlow          0x08006b31   Thumb Code    36  platform.o(i.Indicator_RadarDataSendOverFlow)
    IsSingleSpiInit                          0x08006bfd   Thumb Code    24  stm32_spi.o(i.IsSingleSpiInit)
    LED_Init                                 0x08006c15   Thumb Code   240  stm32_gpio.o(i.LED_Init)
    LED_Off                                  0x08006d15   Thumb Code    24  stm32_gpio.o(i.LED_Off)
    LED_On                                   0x08006d35   Thumb Code    24  stm32_gpio.o(i.LED_On)
    LED_Toggle                               0x08006d55   Thumb Code    22  stm32_gpio.o(i.LED_Toggle)
    MCU_FuncParaUpdate                       0x08006d75   Thumb Code    58  system.o(i.MCU_FuncParaUpdate)
    MTT_ParaRead                             0x08006db5   Thumb Code     8  cmdprocess.o(i.MTT_ParaRead)
    MTT_ParaUpdate                           0x08006dbd   Thumb Code     8  cmdprocess.o(i.MTT_ParaUpdate)
    MX_USB_DEVICE_Init                       0x08006dc5   Thumb Code    76  usb_device.o(i.MX_USB_DEVICE_Init)
    McuSepcialFuncTask                       0x08006e55   Thumb Code   698  dataprocess.o(i.McuSepcialFuncTask)
    MemManage_Handler                        0x08007135   Thumb Code     4  stm32_it.o(i.MemManage_Handler)
    NMI_Handler                              0x08007139   Thumb Code     2  stm32_it.o(i.NMI_Handler)
    OTG_HS_IRQHandler                        0x0800713d   Thumb Code    10  stm32_it.o(i.OTG_HS_IRQHandler)
    PD_ParaInit                              0x08007411   Thumb Code    24  cmdprocess.o(i.PD_ParaInit)
    Platform_Init                            0x0800742d   Thumb Code    30  platform.o(i.Platform_Init)
    RTOS_Init                                0x0800744b   Thumb Code    16  rtos.o(i.RTOS_Init)
    Radar_GetChipRegListConfigParaAddr       0x0800745d   Thumb Code     6  banyan.o(i.Radar_GetChipRegListConfigParaAddr)
    Radar_GetChipRegListConfigParaLen        0x08007469   Thumb Code     8  banyan.o(i.Radar_GetChipRegListConfigParaLen)
    Radar_GetChipRegListStartParaAddr        0x08007471   Thumb Code     6  banyan.o(i.Radar_GetChipRegListStartParaAddr)
    Radar_GetChipRegListStartParaLen         0x0800747d   Thumb Code     6  banyan.o(i.Radar_GetChipRegListStartParaLen)
    Radar_GetDataFormat                      0x08007483   Thumb Code    34  dataprocess.o(i.Radar_GetDataFormat)
    Radar_GetDataType                        0x080074a5   Thumb Code    80  banyan.o(i.Radar_GetDataType)
    Radar_GetDataTypeByRegisterList          0x080074f5   Thumb Code   102  banyan.o(i.Radar_GetDataTypeByRegisterList)
    Radar_GetDfftChirpNum                    0x08007561   Thumb Code    58  banyan.o(i.Radar_GetDfftChirpNum)
    Radar_GetDfftDataNum                     0x0800759b   Thumb Code    58  banyan.o(i.Radar_GetDfftDataNum)
    Radar_GetDfftPeakSize                    0x080075d5   Thumb Code    26  banyan.o(i.Radar_GetDfftPeakSize)
    Radar_GetDfftRoiEnable                   0x080075ef   Thumb Code    34  banyan.o(i.Radar_GetDfftRoiEnable)
    Radar_GetFftPoint                        0x08007611   Thumb Code    20  banyan.o(i.Radar_GetFftPoint)
    Radar_GetIsDataMerge                     0x08007625   Thumb Code    34  dataprocess.o(i.Radar_GetIsDataMerge)
    Radar_GetOneFrameChirpNum                0x08007647   Thumb Code    32  banyan.o(i.Radar_GetOneFrameChirpNum)
    Radar_GetRawPoint                        0x08007669   Thumb Code    44  banyan.o(i.Radar_GetRawPoint)
    Radar_GetRxGainType                      0x08007699   Thumb Code   146  banyan.o(i.Radar_GetRxGainType)
    Radar_Init_Start_BanyanE                 0x0800772d   Thumb Code    58  banyan.o(i.Radar_Init_Start_BanyanE)
    Radar_Init_Stop_BanyanE                  0x0800776d   Thumb Code   114  banyan.o(i.Radar_Init_Stop_BanyanE)
    Radar_UpdateReg                          0x080077e9   Thumb Code   138  banyan.o(i.Radar_UpdateReg)
    Radar_Write_ABD_MTT_Para                 0x0800787d   Thumb Code   122  banyan.o(i.Radar_Write_ABD_MTT_Para)
    RunFailed                                0x08007a51   Thumb Code    40  utilities.o(i.RunFailed)
    SPI4_Config_Init                         0x08007c2d   Thumb Code    70  stm32_spi.o(i.SPI4_Config_Init)
    SPI4_DeInit                              0x08007d8d   Thumb Code    20  stm32_spi.o(i.SPI4_DeInit)
    SPI4_Init                                0x08007dd5   Thumb Code    58  stm32_spi.o(i.SPI4_Init)
    SPI4_Read                                0x08007e4d   Thumb Code    62  stm32_spi.o(i.SPI4_Read)
    SPI4_Write                               0x08007e91   Thumb Code    46  stm32_spi.o(i.SPI4_Write)
    SPI_DeInit                               0x08008071   Thumb Code    32  stm32_spi.o(i.SPI_DeInit)
    SPI_Init                                 0x08008199   Thumb Code    80  stm32_spi.o(i.SPI_Init)
    SysTick_Handler                          0x08008645   Thumb Code    46  port.o(i.SysTick_Handler)
    SystemClock_Config                       0x08008679   Thumb Code   172  stm32_clock.o(i.SystemClock_Config)
    SystemInit                               0x0800872d   Thumb Code    82  system_stm32f4xx.o(i.SystemInit)
    System_GetPDCaliParaAddr                 0x08008791   Thumb Code     4  cmdprocess.o(i.System_GetPDCaliParaAddr)
    System_GetPDCaliParaLen                  0x08008799   Thumb Code     4  cmdprocess.o(i.System_GetPDCaliParaLen)
    System_GetSysMode                        0x0800879d   Thumb Code     8  system.o(i.System_GetSysMode)
    System_GetSysParaAddr                    0x080087a9   Thumb Code     4  system.o(i.System_GetSysParaAddr)
    System_GetSysParaLen                     0x080087b1   Thumb Code     4  system.o(i.System_GetSysParaLen)
    System_GetSysSnInfoAddr                  0x080087b5   Thumb Code     4  system.o(i.System_GetSysSnInfoAddr)
    System_GetSysSnInfoLen                   0x080087bd   Thumb Code     4  system.o(i.System_GetSysSnInfoLen)
    System_GetUploadSampleRate               0x080087c1   Thumb Code     8  system.o(i.System_GetUploadSampleRate)
    System_ParaInit                          0x080087cd   Thumb Code    22  system.o(i.System_ParaInit)
    System_ParaRead                          0x080087e9   Thumb Code    44  system.o(i.System_ParaRead)
    System_ParaUpdate                        0x08008819   Thumb Code   140  system.o(i.System_ParaUpdate)
    System_Reconfig                          0x080088ad   Thumb Code    96  system.o(i.System_Reconfig)
    System_Reset                             0x08008911   Thumb Code    16  system.o(i.System_Reset)
    System_SetSysSnInfo                      0x08008921   Thumb Code    34  system.o(i.System_SetSysSnInfo)
    TIM1_UP_TIM10_IRQHandler                 0x08008949   Thumb Code    10  stm32_it.o(i.TIM1_UP_TIM10_IRQHandler)
    TIM_Base_SetConfig                       0x08008959   Thumb Code   170  stm32f4xx_hal_tim.o(i.TIM_Base_SetConfig)
    UART_Init                                0x08008a31   Thumb Code    46  stm32_uart.o(i.UART_Init)
    USBD_CDC_GetDeviceQualifierDescriptor    0x08008f91   Thumb Code    10  usbd_cdc.o(i.USBD_CDC_GetDeviceQualifierDescriptor)
    USBD_CDC_ReceivePacket                   0x08009091   Thumb Code    58  usbd_cdc.o(i.USBD_CDC_ReceivePacket)
    USBD_CDC_RegisterInterface               0x080090cb   Thumb Code    16  usbd_cdc.o(i.USBD_CDC_RegisterInterface)
    USBD_CDC_SetRxBuffer                     0x080090db   Thumb Code    22  usbd_cdc.o(i.USBD_CDC_SetRxBuffer)
    USBD_CDC_SetTxBuffer                     0x080090f1   Thumb Code    28  usbd_cdc.o(i.USBD_CDC_SetTxBuffer)
    USBD_CDC_TransmitPacket                  0x08009229   Thumb Code    60  usbd_cdc.o(i.USBD_CDC_TransmitPacket)
    USBD_ClrClassConfig                      0x08009265   Thumb Code    28  usbd_core.o(i.USBD_ClrClassConfig)
    USBD_CtlContinueRx                       0x080092bf   Thumb Code    24  usbd_ioreq.o(i.USBD_CtlContinueRx)
    USBD_CtlContinueSendData                 0x080092d7   Thumb Code    24  usbd_ioreq.o(i.USBD_CtlContinueSendData)
    USBD_CtlError                            0x080092ef   Thumb Code    24  usbd_ctlreq.o(i.USBD_CtlError)
    USBD_CtlPrepareRx                        0x08009307   Thumb Code    40  usbd_ioreq.o(i.USBD_CtlPrepareRx)
    USBD_CtlReceiveStatus                    0x0800932f   Thumb Code    26  usbd_ioreq.o(i.USBD_CtlReceiveStatus)
    USBD_CtlSendData                         0x08009349   Thumb Code    34  usbd_ioreq.o(i.USBD_CtlSendData)
    USBD_CtlSendStatus                       0x0800936b   Thumb Code    26  usbd_ioreq.o(i.USBD_CtlSendStatus)
    USBD_GetString                           0x08009647   Thumb Code    84  usbd_ctlreq.o(i.USBD_GetString)
    USBD_Get_USB_Status                      0x0800969b   Thumb Code    44  usbd_conf.o(i.USBD_Get_USB_Status)
    USBD_HS_ConfigStrDescriptor              0x080096c9   Thumb Code    34  usbd_desc.o(i.USBD_HS_ConfigStrDescriptor)
    USBD_HS_DeviceDescriptor                 0x080096fd   Thumb Code    10  usbd_desc.o(i.USBD_HS_DeviceDescriptor)
    USBD_HS_InterfaceStrDescriptor           0x0800970d   Thumb Code    34  usbd_desc.o(i.USBD_HS_InterfaceStrDescriptor)
    USBD_HS_LangIDStrDescriptor              0x08009745   Thumb Code    10  usbd_desc.o(i.USBD_HS_LangIDStrDescriptor)
    USBD_HS_ManufacturerStrDescriptor        0x08009755   Thumb Code    20  usbd_desc.o(i.USBD_HS_ManufacturerStrDescriptor)
    USBD_HS_ProductStrDescriptor             0x08009781   Thumb Code    34  usbd_desc.o(i.USBD_HS_ProductStrDescriptor)
    USBD_HS_SerialStrDescriptor              0x080097c1   Thumb Code    18  usbd_desc.o(i.USBD_HS_SerialStrDescriptor)
    USBD_Init                                0x080097d9   Thumb Code    58  usbd_core.o(i.USBD_Init)
    USBD_LL_ClearStallEP                     0x08009813   Thumb Code    38  usbd_conf.o(i.USBD_LL_ClearStallEP)
    USBD_LL_CloseEP                          0x08009839   Thumb Code    38  usbd_conf.o(i.USBD_LL_CloseEP)
    USBD_LL_DataInStage                      0x0800985f   Thumb Code   226  usbd_core.o(i.USBD_LL_DataInStage)
    USBD_LL_DataOutStage                     0x08009941   Thumb Code   142  usbd_core.o(i.USBD_LL_DataOutStage)
    USBD_LL_DevConnected                     0x080099cf   Thumb Code     6  usbd_core.o(i.USBD_LL_DevConnected)
    USBD_LL_DevDisconnected                  0x080099d5   Thumb Code    32  usbd_core.o(i.USBD_LL_DevDisconnected)
    USBD_LL_GetRxDataSize                    0x080099f5   Thumb Code    18  usbd_conf.o(i.USBD_LL_GetRxDataSize)
    USBD_LL_Init                             0x08009a09   Thumb Code    96  usbd_conf.o(i.USBD_LL_Init)
    USBD_LL_IsStallEP                        0x08009a71   Thumb Code    56  usbd_conf.o(i.USBD_LL_IsStallEP)
    USBD_LL_IsoINIncomplete                  0x08009aa9   Thumb Code    48  usbd_core.o(i.USBD_LL_IsoINIncomplete)
    USBD_LL_IsoOUTIncomplete                 0x08009ad9   Thumb Code    48  usbd_core.o(i.USBD_LL_IsoOUTIncomplete)
    USBD_LL_OpenEP                           0x08009b09   Thumb Code    48  usbd_conf.o(i.USBD_LL_OpenEP)
    USBD_LL_PrepareReceive                   0x08009b39   Thumb Code    48  usbd_conf.o(i.USBD_LL_PrepareReceive)
    USBD_LL_Reset                            0x08009b69   Thumb Code   108  usbd_core.o(i.USBD_LL_Reset)
    USBD_LL_Resume                           0x08009bd5   Thumb Code    22  usbd_core.o(i.USBD_LL_Resume)
    USBD_LL_SOF                              0x08009beb   Thumb Code    44  usbd_core.o(i.USBD_LL_SOF)
    USBD_LL_SetSpeed                         0x08009c17   Thumb Code     8  usbd_core.o(i.USBD_LL_SetSpeed)
    USBD_LL_SetUSBAddress                    0x08009c1f   Thumb Code    38  usbd_conf.o(i.USBD_LL_SetUSBAddress)
    USBD_LL_SetupStage                       0x08009c45   Thumb Code   118  usbd_core.o(i.USBD_LL_SetupStage)
    USBD_LL_StallEP                          0x08009cbb   Thumb Code    38  usbd_conf.o(i.USBD_LL_StallEP)
    USBD_LL_Start                            0x08009ce1   Thumb Code    30  usbd_conf.o(i.USBD_LL_Start)
    USBD_LL_Suspend                          0x08009cff   Thumb Code    20  usbd_core.o(i.USBD_LL_Suspend)
    USBD_LL_Transmit                         0x08009d13   Thumb Code    48  usbd_conf.o(i.USBD_LL_Transmit)
    USBD_ParseSetupRequest                   0x08009d43   Thumb Code    54  usbd_ctlreq.o(i.USBD_ParseSetupRequest)
    USBD_RegisterClass                       0x08009d79   Thumb Code    46  usbd_core.o(i.USBD_RegisterClass)
    USBD_RunTestMode                         0x08009da7   Thumb Code     6  usbd_core.o(i.USBD_RunTestMode)
    USBD_SetClassConfig                      0x08009e07   Thumb Code    32  usbd_core.o(i.USBD_SetClassConfig)
    USBD_Start                               0x08009f3d   Thumb Code    12  usbd_core.o(i.USBD_Start)
    USBD_StdDevReq                           0x08009f49   Thumb Code   166  usbd_ctlreq.o(i.USBD_StdDevReq)
    USBD_StdEPReq                            0x08009fef   Thumb Code   556  usbd_ctlreq.o(i.USBD_StdEPReq)
    USBD_StdItfReq                           0x0800a21b   Thumb Code   126  usbd_ctlreq.o(i.USBD_StdItfReq)
    USBD_static_free                         0x0800a299   Thumb Code     2  usbd_conf.o(i.USBD_static_free)
    USBD_static_malloc                       0x0800a29d   Thumb Code     6  usbd_conf.o(i.USBD_static_malloc)
    USB_ActivateEndpoint                     0x0800a2a9   Thumb Code   202  stm32f4xx_ll_usb.o(i.USB_ActivateEndpoint)
    USB_ActivateSetup                        0x0800a379   Thumb Code    70  stm32f4xx_ll_usb.o(i.USB_ActivateSetup)
    USB_CoreInit                             0x0800a3c1   Thumb Code   128  stm32f4xx_ll_usb.o(i.USB_CoreInit)
    USB_DeactivateEndpoint                   0x0800a491   Thumb Code   182  stm32f4xx_ll_usb.o(i.USB_DeactivateEndpoint)
    USB_DevConnect                           0x0800a555   Thumb Code    32  stm32f4xx_ll_usb.o(i.USB_DevConnect)
    USB_DevDisconnect                        0x0800a575   Thumb Code    32  stm32f4xx_ll_usb.o(i.USB_DevDisconnect)
    USB_DevInit                              0x0800a595   Thumb Code   482  stm32f4xx_ll_usb.o(i.USB_DevInit)
    USB_DisableGlobalInt                     0x0800a789   Thumb Code    14  stm32f4xx_ll_usb.o(i.USB_DisableGlobalInt)
    USB_EP0StartXfer                         0x0800a799   Thumb Code   468  stm32f4xx_ll_usb.o(i.USB_EP0StartXfer)
    USB_EP0_OutStart                         0x0800a971   Thumb Code   106  stm32f4xx_ll_usb.o(i.USB_EP0_OutStart)
    USB_EPClearStall                         0x0800a9e1   Thumb Code   142  stm32f4xx_ll_usb.o(i.USB_EPClearStall)
    USB_EPSetStall                           0x0800aa6f   Thumb Code   154  stm32f4xx_ll_usb.o(i.USB_EPSetStall)
    USB_EPStartXfer                          0x0800ab09   Thumb Code   832  stm32f4xx_ll_usb.o(i.USB_EPStartXfer)
    USB_EnableGlobalInt                      0x0800ae4d   Thumb Code    14  stm32f4xx_ll_usb.o(i.USB_EnableGlobalInt)
    USB_FlushRxFifo                          0x0800ae5d   Thumb Code    38  stm32f4xx_ll_usb.o(i.USB_FlushRxFifo)
    USB_FlushTxFifo                          0x0800ae89   Thumb Code    44  stm32f4xx_ll_usb.o(i.USB_FlushTxFifo)
    USB_GetDevSpeed                          0x0800aeb9   Thumb Code    38  stm32f4xx_ll_usb.o(i.USB_GetDevSpeed)
    USB_GetMode                              0x0800aedf   Thumb Code    10  stm32f4xx_ll_usb.o(i.USB_GetMode)
    USB_ReadDevAllInEpInterrupt              0x0800aee9   Thumb Code    20  stm32f4xx_ll_usb.o(i.USB_ReadDevAllInEpInterrupt)
    USB_ReadDevAllOutEpInterrupt             0x0800aefd   Thumb Code    20  stm32f4xx_ll_usb.o(i.USB_ReadDevAllOutEpInterrupt)
    USB_ReadDevInEPInterrupt                 0x0800af11   Thumb Code    50  stm32f4xx_ll_usb.o(i.USB_ReadDevInEPInterrupt)
    USB_ReadDevOutEPInterrupt                0x0800af43   Thumb Code    26  stm32f4xx_ll_usb.o(i.USB_ReadDevOutEPInterrupt)
    USB_ReadInterrupts                       0x0800af5d   Thumb Code    10  stm32f4xx_ll_usb.o(i.USB_ReadInterrupts)
    USB_ReadPacket                           0x0800af67   Thumb Code    34  stm32f4xx_ll_usb.o(i.USB_ReadPacket)
    USB_SetCurrentMode                       0x0800af89   Thumb Code    54  stm32f4xx_ll_usb.o(i.USB_SetCurrentMode)
    USB_SetDevAddress                        0x0800afbf   Thumb Code    42  stm32f4xx_ll_usb.o(i.USB_SetDevAddress)
    USB_SetDevSpeed                          0x0800afe9   Thumb Code    18  stm32f4xx_ll_usb.o(i.USB_SetDevSpeed)
    USB_SetTurnaroundTime                    0x0800affd   Thumb Code   192  stm32f4xx_ll_usb.o(i.USB_SetTurnaroundTime)
    USB_WritePacket                          0x0800b0e5   Thumb Code    60  stm32f4xx_ll_usb.o(i.USB_WritePacket)
    UsageFault_Handler                       0x0800b121   Thumb Code     4  stm32_it.o(i.UsageFault_Handler)
    UsbTransferTask                          0x0800b125   Thumb Code    64  usb_transfer.o(i.UsbTransferTask)
    UsbTransfer_ForceSend                    0x0800b16d   Thumb Code    94  usb_transfer.o(i.UsbTransfer_ForceSend)
    UsbTransfer_ResetUsbBuffer               0x0800b1e1   Thumb Code    30  usb_transfer.o(i.UsbTransfer_ResetUsbBuffer)
    UsbTransfer_Send                         0x0800b20d   Thumb Code   202  usb_transfer.o(i.UsbTransfer_Send)
    UsbTransfer_Send2UsbDataQueue            0x0800b2ed   Thumb Code    46  usb_transfer.o(i.UsbTransfer_Send2UsbDataQueue)
    UsbTransfer_TaskInit                     0x0800b325   Thumb Code    62  usb_transfer.o(i.UsbTransfer_TaskInit)
    UsbTransfer_UsbPktCntCallBack            0x0800b395   Thumb Code    76  usb_transfer.o(i.UsbTransfer_UsbPktCntCallBack)
    __0printf$3                              0x0800b3ed   Thumb Code    22  printf3.o(i.__0printf$3)
    __1printf$3                              0x0800b3ed   Thumb Code     0  printf3.o(i.__0printf$3)
    __2printf                                0x0800b3ed   Thumb Code     0  printf3.o(i.__0printf$3)
    __scatterload_copy                       0x0800b445   Thumb Code    14  handlers.o(i.__scatterload_copy)
    __scatterload_null                       0x0800b453   Thumb Code     2  handlers.o(i.__scatterload_null)
    __scatterload_zeroinit                   0x0800b455   Thumb Code    14  handlers.o(i.__scatterload_zeroinit)
    delay_init                               0x0800b66d   Thumb Code    50  platform.o(i.delay_init)
    delay_ms                                 0x0800b6a9   Thumb Code    56  platform.o(i.delay_ms)
    delay_xms                                0x0800b6e1   Thumb Code    72  platform.o(i.delay_xms)
    fftzerofill_ParaUpdate                   0x0800b72d   Thumb Code     8  cmdprocess.o(i.fftzerofill_ParaUpdate)
    fputc                                    0x0800b735   Thumb Code    22  stm32_uart.o(i.fputc)
    main                                     0x0800b751   Thumb Code    42  main.o(i.main)
    osKernelRunning                          0x0800b789   Thumb Code    18  cmsis_os.o(i.osKernelRunning)
    osKernelStart                            0x0800b79b   Thumb Code    10  cmsis_os.o(i.osKernelStart)
    osThreadCreate                           0x0800b7a5   Thumb Code    94  cmsis_os.o(i.osThreadCreate)
    pvPortMalloc                             0x0800be15   Thumb Code   296  heap_4.o(i.pvPortMalloc)
    pvTaskIncrementMutexHeldCount            0x0800bf51   Thumb Code    26  tasks.o(i.pvTaskIncrementMutexHeldCount)
    pxPortInitialiseStack                    0x0800bf71   Thumb Code    38  port.o(i.pxPortInitialiseStack)
    uxListRemove                             0x0800bf9d   Thumb Code    40  list.o(i.uxListRemove)
    uxQueueSpacesAvailable                   0x0800bfc5   Thumb Code    48  queue.o(i.uxQueueSpacesAvailable)
    vApplicationGetIdleTaskMemory            0x0800bff5   Thumb Code    14  rtos.o(i.vApplicationGetIdleTaskMemory)
    vListInitialise                          0x0800c00d   Thumb Code    26  list.o(i.vListInitialise)
    vListInitialiseItem                      0x0800c027   Thumb Code     6  list.o(i.vListInitialiseItem)
    vListInsert                              0x0800c02d   Thumb Code    52  list.o(i.vListInsert)
    vListInsertEnd                           0x0800c061   Thumb Code    24  list.o(i.vListInsertEnd)
    vPortEnterCritical                       0x0800c079   Thumb Code    76  port.o(i.vPortEnterCritical)
    vPortExitCritical                        0x0800c0cd   Thumb Code    56  port.o(i.vPortExitCritical)
    vPortFree                                0x0800c109   Thumb Code   140  heap_4.o(i.vPortFree)
    vPortSetupTimerInterrupt                 0x0800c19d   Thumb Code    36  port.o(i.vPortSetupTimerInterrupt)
    vPortValidateInterruptPriority           0x0800c1c5   Thumb Code   106  port.o(i.vPortValidateInterruptPriority)
    vTaskDelay                               0x0800c23d   Thumb Code    82  tasks.o(i.vTaskDelay)
    vTaskInternalSetTimeOutState             0x0800c299   Thumb Code    14  tasks.o(i.vTaskInternalSetTimeOutState)
    vTaskMissedYield                         0x0800c2b1   Thumb Code     8  tasks.o(i.vTaskMissedYield)
    vTaskPlaceOnEventList                    0x0800c2bd   Thumb Code    52  tasks.o(i.vTaskPlaceOnEventList)
    vTaskPriorityDisinheritAfterTimeout      0x0800c2f5   Thumb Code   230  tasks.o(i.vTaskPriorityDisinheritAfterTimeout)
    vTaskStartScheduler                      0x0800c3e9   Thumb Code   146  tasks.o(i.vTaskStartScheduler)
    vTaskSuspendAll                          0x0800c499   Thumb Code    12  tasks.o(i.vTaskSuspendAll)
    vTaskSwitchContext                       0x0800c4a9   Thumb Code   118  tasks.o(i.vTaskSwitchContext)
    xPortStartScheduler                      0x0800c535   Thumb Code   330  port.o(i.xPortStartScheduler)
    xQueueGenericCreate                      0x0800c69d   Thumb Code    94  queue.o(i.xQueueGenericCreate)
    xQueueGenericReset                       0x0800c6fd   Thumb Code   146  queue.o(i.xQueueGenericReset)
    xQueueGenericSend                        0x0800c795   Thumb Code   420  queue.o(i.xQueueGenericSend)
    xQueueGenericSendFromISR                 0x0800c93d   Thumb Code   248  queue.o(i.xQueueGenericSendFromISR)
    xQueueReceive                            0x0800ca35   Thumb Code   356  queue.o(i.xQueueReceive)
    xQueueSemaphoreTake                      0x0800cb9d   Thumb Code   434  queue.o(i.xQueueSemaphoreTake)
    xTaskCheckForTimeOut                     0x0800cd55   Thumb Code   132  tasks.o(i.xTaskCheckForTimeOut)
    xTaskCreate                              0x0800cde1   Thumb Code   100  tasks.o(i.xTaskCreate)
    xTaskCreateStatic                        0x0800ce45   Thumb Code   184  tasks.o(i.xTaskCreateStatic)
    xTaskGetSchedulerState                   0x0800cefd   Thumb Code    24  tasks.o(i.xTaskGetSchedulerState)
    xTaskIncrementTick                       0x0800cf1d   Thumb Code   282  tasks.o(i.xTaskIncrementTick)
    xTaskPriorityDisinherit                  0x0800d065   Thumb Code   188  tasks.o(i.xTaskPriorityDisinherit)
    xTaskPriorityInherit                     0x0800d12d   Thumb Code   186  tasks.o(i.xTaskPriorityInherit)
    xTaskRemoveFromEventList                 0x0800d1f5   Thumb Code   128  tasks.o(i.xTaskRemoveFromEventList)
    xTaskResumeAll                           0x0800d28d   Thumb Code   224  tasks.o(i.xTaskResumeAll)
    InitRegList_ABD                          0x0800d410   Data         320  banyan.o(.constdata)
    InitRegList_MTT                          0x0800d550   Data         320  banyan.o(.constdata)
    AHBPrescTable                            0x0800d6fc   Data          16  system_stm32f4xx.o(.constdata)
    APBPrescTable                            0x0800d70c   Data           8  system_stm32f4xx.o(.constdata)
    Region$$Table$$Base                      0x0800d75c   Number         0  anon$$obj.o(Region$$Table)
    Region$$Table$$Limit                     0x0800d77c   Number         0  anon$$obj.o(Region$$Table)
    g_McuSpecialFuncSig                      0x20000000   Data           4  cmdprocess.o(.data)
    gDataprocessFlag                         0x20000008   Data           1  cmdprocess.o(.data)
    TrackMode                                0x20000027   Data           1  cmdprocess.o(.data)
    cmdProcTaskHandle                        0x20000028   Data           4  cmdprocess.o(.data)
    cmdDataQueue                             0x2000002c   Data           4  cmdprocess.o(.data)
    whichDemo                                0x2000003c   Data           2  dataprocess.o(.data)
    dataProcTaskHandle                       0x20000044   Data           4  dataprocess.o(.data)
    radarDataQueue                           0x20000048   Data           8  dataprocess.o(.data)
    mcuSpecialFuncTaskHandle                 0x20000050   Data           4  dataprocess.o(.data)
    usbDataQueue                             0x20000064   Data           4  usb_transfer.o(.data)
    usbTransferTaskHandle                    0x20000068   Data           4  usb_transfer.o(.data)
    g_TxCount                                0x2000022c   Data           1  banyan.o(.data)
    g_ChipCount                              0x2000022d   Data           1  banyan.o(.data)
    g_RxCount                                0x2000022e   Data           1  banyan.o(.data)
    g_dataRecvFlag                           0x20000262   Data           4  stm32_spi.o(.data)
    SpiMethod                                0x20000266   Data           1  stm32_spi.o(.data)
    isSingleSPI                              0x20000267   Data           1  stm32_spi.o(.data)
    pxCurrentTCB                             0x20000290   Data           4  tasks.o(.data)
    USBD_CDC                                 0x200002d8   Data          56  usbd_cdc.o(.data)
    USBD_Interface_fops_HS                   0x200003dc   Data          20  usbd_cdc_if.o(.data)
    HS_Desc                                  0x200003f4   Data          28  usbd_desc.o(.data)
    USBD_HS_DeviceDesc                       0x20000410   Data          18  usbd_desc.o(.data)
    USBD_LangIDDesc                          0x20000424   Data           4  usbd_desc.o(.data)
    USBD_StringSerial                        0x20000428   Data          26  usbd_desc.o(.data)
    SystemCoreClock                          0x20000444   Data           4  system_stm32f4xx.o(.data)
    uwTick                                   0x20000448   Data           4  stm32f4xx_hal.o(.data)
    uwTickPrio                               0x2000044c   Data           4  stm32f4xx_hal.o(.data)
    uwTickFreq                               0x20000450   Data           1  stm32f4xx_hal.o(.data)
    __stdout                                 0x20000454   Data           4  stdout.o(.data)
    PD_CalibrationPara                       0x20000458   Data          36  cmdprocess.o(.bss)
    nopConfigStartRegister                   0x20000c78   Data          64  cmdprocess.o(.bss)
    nopConfigStopRegister                    0x20000cb8   Data          64  cmdprocess.o(.bss)
    g_ChipTempDataPack                       0x20002da4   Data          64  dataprocess.o(.bss)
    g_ChipPowerDataPack                      0x20002de4   Data          64  dataprocess.o(.bss)
    hUsbDeviceFS                             0x20003078   Data         720  usb_transfer.o(.bss)
    sysPara                                  0x20012348   Data          20  system.o(.bss)
    mcuSpecialFunc                           0x2001235c   Data          12  system.o(.bss)
    snInfo                                   0x20012368   Data          36  system.o(.bss)
    htim1                                    0x2001238c   Data          64  stm32_hal_timebase_tim.o(.bss)
    g_dataRecvBuf                            0x200123cc   Data       16560  stm32_spi.o(.bss)
    hspi4                                    0x200164d4   Data          88  stm32_spi.o(.bss)
    hdma_spi3_rx                             0x2001652c   Data          96  stm32_spi.o(.bss)
    hdma_spi4_rx                             0x2001658c   Data          96  stm32_spi.o(.bss)
    UserRxBufferHS                           0x2001a31c   Data        1024  usbd_cdc_if.o(.bss)
    g_cmdRecv                                0x2001a71c   Data        8198  usbd_cdc_if.o(.bss)
    hUsbDeviceHS                             0x2001c724   Data         720  usb_device.o(.bss)
    hpcd_USB_OTG_HS                          0x2001c9f4   Data        1032  usbd_conf.o(.bss)
    USBD_StrDesc                             0x2001d01c   Data         512  usbd_desc.o(.bss)
    pFlash                                   0x2001d21c   Data          32  stm32f4xx_hal_flash.o(.bss)
    __initial_sp                             0x2001d640   Data           0  startup_stm32f429xx.o(STACK)



==============================================================================

Memory Map of the image

  Image Entry point : 0x080001ad

  Load Region LR_IROM1 (Base: 0x08000000, Size: 0x0000dbd4, Max: 0x00080000, ABSOLUTE, COMPRESSED[0x0000d97c])

    Execution Region ER_IROM1 (Exec base: 0x08000000, Load base: 0x08000000, Size: 0x0000d77c, Max: 0x00080000, ABSOLUTE)

    Exec Addr    Load Addr    Size         Type   Attr      Idx    E Section Name        Object

    0x08000000   0x08000000   0x000001ac   Data   RO         4123    RESET               startup_stm32f429xx.o
    0x080001ac   0x080001ac   0x00000000   Code   RO         8270  * .ARM.Collect$$$$00000000  mc_w.l(entry.o)
    0x080001ac   0x080001ac   0x00000004   Code   RO         8572    .ARM.Collect$$$$00000001  mc_w.l(entry2.o)
    0x080001b0   0x080001b0   0x00000004   Code   RO         8575    .ARM.Collect$$$$00000004  mc_w.l(entry5.o)
    0x080001b4   0x080001b4   0x00000000   Code   RO         8577    .ARM.Collect$$$$00000008  mc_w.l(entry7b.o)
    0x080001b4   0x080001b4   0x00000000   Code   RO         8579    .ARM.Collect$$$$0000000A  mc_w.l(entry8b.o)
    0x080001b4   0x080001b4   0x00000008   Code   RO         8580    .ARM.Collect$$$$0000000B  mc_w.l(entry9a.o)
    0x080001bc   0x080001bc   0x00000004   Code   RO         8587    .ARM.Collect$$$$0000000E  mc_w.l(entry12b.o)
    0x080001c0   0x080001c0   0x00000000   Code   RO         8582    .ARM.Collect$$$$0000000F  mc_w.l(entry10a.o)
    0x080001c0   0x080001c0   0x00000000   Code   RO         8584    .ARM.Collect$$$$00000011  mc_w.l(entry11a.o)
    0x080001c0   0x080001c0   0x00000004   Code   RO         8573    .ARM.Collect$$$$00002712  mc_w.l(entry2.o)
    0x080001c4   0x080001c4   0x000000be   Code   RO         2429    .emb_text           port.o
    0x08000282   0x08000282   0x00000002   PAD
    0x08000284   0x08000284   0x00000024   Code   RO         4124    .text               startup_stm32f429xx.o
    0x080002a8   0x080002a8   0x00000062   Code   RO         8273    .text               mc_w.l(uldiv.o)
    0x0800030a   0x0800030a   0x00000024   Code   RO         8275    .text               mc_w.l(memcpya.o)
    0x0800032e   0x0800032e   0x00000024   Code   RO         8279    .text               mc_w.l(memseta.o)
    0x08000352   0x08000352   0x0000002c   Code   RO         8589    .text               mc_w.l(uidiv.o)
    0x0800037e   0x0800037e   0x0000001e   Code   RO         8591    .text               mc_w.l(llshl.o)
    0x0800039c   0x0800039c   0x00000020   Code   RO         8593    .text               mc_w.l(llushr.o)
    0x080003bc   0x080003bc   0x00000024   Code   RO         8608    .text               mc_w.l(init.o)
    0x080003e0   0x080003e0   0x00000056   Code   RO         8622    .text               mc_w.l(__dczerorl2.o)
    0x08000436   0x08000436   0x00000004   Code   RO         1674    i.BusFault_Handler  stm32_it.o
    0x0800043a   0x0800043a   0x00000002   Code   RO         1947    i.CACHE_InvalDCache  stm32_misc.o
    0x0800043c   0x0800043c   0x00000044   Code   RO         3384    i.CDC_Control_HS    usbd_cdc_if.o
    0x08000480   0x08000480   0x00000004   Code   RO         3385    i.CDC_DeInit_HS     usbd_cdc_if.o
    0x08000484   0x08000484   0x00000018   Code   RO         3386    i.CDC_Init_HS       usbd_cdc_if.o
    0x0800049c   0x0800049c   0x00000088   Code   RO         3387    i.CDC_Receive_HS    usbd_cdc_if.o
    0x08000524   0x08000524   0x0000000c   Code   RO         3388    i.CDC_TransmitCplt_HS  usbd_cdc_if.o
    0x08000530   0x08000530   0x00000038   Code   RO         3389    i.CDC_Transmit_HS   usbd_cdc_if.o
    0x08000568   0x08000568   0x00000080   Code   RO          563    i.CheckChirpIndex   dataprocess.o
    0x080005e8   0x080005e8   0x00000048   Code   RO          564    i.CheckFrameCnt     dataprocess.o
    0x08000630   0x08000630   0x00000264   Code   RO            4    i.CmdExec           cmdprocess.o
    0x08000894   0x08000894   0x0000002c   Code   RO            5    i.CmdProcTask       cmdprocess.o
    0x080008c0   0x080008c0   0x0000007c   Code   RO            6    i.CmdProc_AdcReset  cmdprocess.o
    0x0800093c   0x0800093c   0x0000000c   Code   RO            7    i.CmdProc_InCmdMode  cmdprocess.o
    0x08000948   0x08000948   0x00000014   Code   RO            8    i.CmdProc_Init      cmdprocess.o
    0x0800095c   0x0800095c   0x000000c0   Code   RO           10    i.CmdProc_NopConfig  cmdprocess.o
    0x08000a1c   0x08000a1c   0x00000044   Code   RO           11    i.CmdProc_Send2CmdDataQueue  cmdprocess.o
    0x08000a60   0x08000a60   0x00000080   Code   RO           12    i.CmdProc_TaskInit  cmdprocess.o
    0x08000ae0   0x08000ae0   0x000001b4   Code   RO           13    i.CmdProcess        cmdprocess.o
    0x08000c94   0x08000c94   0x00000010   Code   RO          476    i.Config_EarseFlashData  config.o
    0x08000ca4   0x08000ca4   0x0000012c   Code   RO          477    i.Config_Init       config.o
    0x08000dd0   0x08000dd0   0x0000000c   Code   RO          478    i.Config_NeedFlashWrite  config.o
    0x08000ddc   0x08000ddc   0x0000007c   Code   RO          479    i.Config_ReloadAlgoRegister  config.o
    0x08000e58   0x08000e58   0x00000100   Code   RO          480    i.Config_RetrieveFlashData  config.o
    0x08000f58   0x08000f58   0x0000001c   Code   RO          481    i.Config_SavePara2Flash  config.o
    0x08000f74   0x08000f74   0x00000070   Code   RO          482    i.Config_WriteData2Flash  config.o
    0x08000fe4   0x08000fe4   0x00000010   Code   RO         1675    i.DMA1_Stream0_IRQHandler  stm32_it.o
    0x08000ff4   0x08000ff4   0x00000010   Code   RO         1676    i.DMA2_Stream3_IRQHandler  stm32_it.o
    0x08001004   0x08001004   0x00000034   Code   RO         4466    i.DMA_CalcBaseAndBitshift  stm32f4xx_hal_dma.o
    0x08001038   0x08001038   0x000000aa   Code   RO         4467    i.DMA_CheckFifoParam  stm32f4xx_hal_dma.o
    0x080010e2   0x080010e2   0x00000020   Code   RO         4572    i.DMA_MultiBufferSetConfig  stm32f4xx_hal_dma_ex.o
    0x08001102   0x08001102   0x00000002   PAD
    0x08001104   0x08001104   0x0000011c   Code   RO          566    i.DataCopy          dataprocess.o
    0x08001220   0x08001220   0x000000a4   Code   RO          567    i.DataDispatch      dataprocess.o
    0x080012c4   0x080012c4   0x00000258   Code   RO          568    i.DataParse         dataprocess.o
    0x0800151c   0x0800151c   0x00000188   Code   RO          569    i.DataProcTask      dataprocess.o
    0x080016a4   0x080016a4   0x0000000c   Code   RO          570    i.DataProc_GetRadarDataLen  dataprocess.o
    0x080016b0   0x080016b0   0x0000000c   Code   RO          571    i.DataProc_GetRadarDataType  dataprocess.o
    0x080016bc   0x080016bc   0x000000d0   Code   RO          572    i.DataProc_Init     dataprocess.o
    0x0800178c   0x0800178c   0x000000f0   Code   RO          573    i.DataProc_NeedReconfig  dataprocess.o
    0x0800187c   0x0800187c   0x00000024   Code   RO          575    i.DataProc_ResetRadarDataQueue  dataprocess.o
    0x080018a0   0x080018a0   0x0000000c   Code   RO          576    i.DataProc_ResetRecvCnt  dataprocess.o
    0x080018ac   0x080018ac   0x0000004c   Code   RO          577    i.DataProc_Send2RadarDataQueue  dataprocess.o
    0x080018f8   0x080018f8   0x000000d0   Code   RO          578    i.DataProc_TaskInit  dataprocess.o
    0x080019c8   0x080019c8   0x00000178   Code   RO          579    i.DataProcess       dataprocess.o
    0x08001b40   0x08001b40   0x000001d8   Code   RO          580    i.DataStateIdParse  dataprocess.o
    0x08001d18   0x08001d18   0x0000014c   Code   RO          581    i.DataStateIndex1Parse  dataprocess.o
    0x08001e64   0x08001e64   0x000000b0   Code   RO          582    i.DataStateIndex2Parse  dataprocess.o
    0x08001f14   0x08001f14   0x0000009c   Code   RO          583    i.DataStateTail2Parse  dataprocess.o
    0x08001fb0   0x08001fb0   0x000000cc   Code   RO          584    i.DataStateTail3Parse  dataprocess.o
    0x0800207c   0x0800207c   0x00000002   Code   RO         1677    i.DebugMon_Handler  stm32_it.o
    0x0800207e   0x0800207e   0x0000000c   Code   RO         1331    i.Delay             platform.o
    0x0800208a   0x0800208a   0x00000002   PAD
    0x0800208c   0x0800208c   0x0000006c   Code   RO           14    i.DoCascadingMode   cmdprocess.o
    0x080020f8   0x080020f8   0x00000028   Code   RO           15    i.DoGetAppRun       cmdprocess.o
    0x08002120   0x08002120   0x0000003c   Code   RO           16    i.DoGetAppUse       cmdprocess.o
    0x0800215c   0x0800215c   0x0000002e   Code   RO           17    i.DoGetDeviceID     cmdprocess.o
    0x0800218a   0x0800218a   0x00000002   PAD
    0x0800218c   0x0800218c   0x000000c0   Code   RO           18    i.DoGetWhichDemo    cmdprocess.o
    0x0800224c   0x0800224c   0x000000b4   Code   RO           19    i.DoReadPara        cmdprocess.o
    0x08002300   0x08002300   0x000000ac   Code   RO           20    i.DoReadReg         cmdprocess.o
    0x080023ac   0x080023ac   0x0000004c   Code   RO           21    i.DoReadSn          cmdprocess.o
    0x080023f8   0x080023f8   0x00000034   Code   RO           22    i.DoSoftReset       cmdprocess.o
    0x0800242c   0x0800242c   0x00000034   Code   RO           23    i.DoTrackOneMod     cmdprocess.o
    0x08002460   0x08002460   0x00000034   Code   RO           24    i.DoTrackTwoMod     cmdprocess.o
    0x08002494   0x08002494   0x00000124   Code   RO           25    i.DoWritePara       cmdprocess.o
    0x080025b8   0x080025b8   0x000000a4   Code   RO           26    i.DoWriteReg        cmdprocess.o
    0x0800265c   0x0800265c   0x00000048   Code   RO           27    i.DoWriteSn         cmdprocess.o
    0x080026a4   0x080026a4   0x00000060   Code   RO         4821    i.FLASH_Erase_Sector  stm32f4xx_hal_flash_ex.o
    0x08002704   0x08002704   0x00000078   Code   RO         4822    i.FLASH_FlushCaches  stm32f4xx_hal_flash_ex.o
    0x0800277c   0x0800277c   0x00000054   Code   RO         4823    i.FLASH_MassErase   stm32f4xx_hal_flash_ex.o
    0x080027d0   0x080027d0   0x00000024   Code   RO         4703    i.FLASH_Program_Byte  stm32f4xx_hal_flash.o
    0x080027f4   0x080027f4   0x0000002c   Code   RO         4704    i.FLASH_Program_DoubleWord  stm32f4xx_hal_flash.o
    0x08002820   0x08002820   0x00000028   Code   RO         4705    i.FLASH_Program_HalfWord  stm32f4xx_hal_flash.o
    0x08002848   0x08002848   0x00000028   Code   RO         4706    i.FLASH_Program_Word  stm32f4xx_hal_flash.o
    0x08002870   0x08002870   0x000000b4   Code   RO         4707    i.FLASH_SetErrorCode  stm32f4xx_hal_flash.o
    0x08002924   0x08002924   0x00000064   Code   RO         4708    i.FLASH_WaitForLastOperation  stm32f4xx_hal_flash.o
    0x08002988   0x08002988   0x000000b8   Code   RO           28    i.FillCmdAck        cmdprocess.o
    0x08002a40   0x08002a40   0x00000084   Code   RO           29    i.FillReadSnCmdAck  cmdprocess.o
    0x08002ac4   0x08002ac4   0x0000004c   Code   RO         1445    i.Flash_ErasePage   stm32_flash.o
    0x08002b10   0x08002b10   0x00000058   Code   RO         1446    i.Flash_Program     stm32_flash.o
    0x08002b68   0x08002b68   0x00000006   Code   RO         1447    i.Flash_ReadWord    stm32_flash.o
    0x08002b6e   0x08002b6e   0x00000016   Code   RO         1448    i.Flash_WriteWord   stm32_flash.o
    0x08002b84   0x08002b84   0x000000f0   Code   RO          585    i.GetRadarPara      dataprocess.o
    0x08002c74   0x08002c74   0x000000a8   Code   RO         1449    i.GetSector         stm32_flash.o
    0x08002d1c   0x08002d1c   0x00000034   Code   RO         3942    i.Get_SerialNum     usbd_desc.o
    0x08002d50   0x08002d50   0x00000fd8   Code   RO         4575    i.HAL_DMAEx_MultiBufferStart_IT  stm32f4xx_hal_dma_ex.o
    0x08003d28   0x08003d28   0x00000066   Code   RO         4471    i.HAL_DMA_DeInit    stm32f4xx_hal_dma.o
    0x08003d8e   0x08003d8e   0x00000002   PAD
    0x08003d90   0x08003d90   0x00000240   Code   RO         4474    i.HAL_DMA_IRQHandler  stm32f4xx_hal_dma.o
    0x08003fd0   0x08003fd0   0x000000ec   Code   RO         4475    i.HAL_DMA_Init      stm32f4xx_hal_dma.o
    0x080040bc   0x080040bc   0x00000028   Code   RO         4138    i.HAL_Delay         stm32f4xx_hal.o
    0x080040e4   0x080040e4   0x000000b0   Code   RO         4838    i.HAL_FLASHEx_Erase  stm32f4xx_hal_flash_ex.o
    0x08004194   0x08004194   0x00000014   Code   RO         4712    i.HAL_FLASH_Lock    stm32f4xx_hal_flash.o
    0x080041a8   0x080041a8   0x00000098   Code   RO         4717    i.HAL_FLASH_Program  stm32f4xx_hal_flash.o
    0x08004240   0x08004240   0x00000034   Code   RO         4719    i.HAL_FLASH_Unlock  stm32f4xx_hal_flash.o
    0x08004274   0x08004274   0x00000180   Code   RO         4989    i.HAL_GPIO_DeInit   stm32f4xx_hal_gpio.o
    0x080043f4   0x080043f4   0x0000021c   Code   RO         4992    i.HAL_GPIO_Init     stm32f4xx_hal_gpio.o
    0x08004610   0x08004610   0x00000012   Code   RO         4995    i.HAL_GPIO_TogglePin  stm32f4xx_hal_gpio.o
    0x08004622   0x08004622   0x0000000c   Code   RO         4996    i.HAL_GPIO_WritePin  stm32f4xx_hal_gpio.o
    0x0800462e   0x0800462e   0x00000002   PAD
    0x08004630   0x08004630   0x0000000c   Code   RO         4146    i.HAL_GetTick       stm32f4xx_hal.o
    0x0800463c   0x0800463c   0x0000000c   Code   RO         4149    i.HAL_GetUIDw0      stm32f4xx_hal.o
    0x08004648   0x08004648   0x00000018   Code   RO         4152    i.HAL_IncTick       stm32f4xx_hal.o
    0x08004660   0x08004660   0x0000003c   Code   RO         4153    i.HAL_Init          stm32f4xx_hal.o
    0x0800469c   0x0800469c   0x0000008c   Code   RO         1567    i.HAL_InitTick      stm32_hal_timebase_tim.o
    0x08004728   0x08004728   0x00000054   Code   RO         1543    i.HAL_MspInit       stm32_hal_msp.o
    0x0800477c   0x0800477c   0x00000028   Code   RO         4331    i.HAL_NVIC_EnableIRQ  stm32f4xx_hal_cortex.o
    0x080047a4   0x080047a4   0x0000007c   Code   RO         4337    i.HAL_NVIC_SetPriority  stm32f4xx_hal_cortex.o
    0x08004820   0x08004820   0x00000028   Code   RO         4338    i.HAL_NVIC_SetPriorityGrouping  stm32f4xx_hal_cortex.o
    0x08004848   0x08004848   0x0000002c   Code   RO         4339    i.HAL_NVIC_SystemReset  stm32f4xx_hal_cortex.o
    0x08004874   0x08004874   0x00000002   Code   RO         5791    i.HAL_PCDEx_LPM_Callback  stm32f4xx_hal_pcd_ex.o
    0x08004876   0x08004876   0x0000000a   Code   RO         5792    i.HAL_PCDEx_SetRxFiFo  stm32f4xx_hal_pcd_ex.o
    0x08004880   0x08004880   0x0000004e   Code   RO         5793    i.HAL_PCDEx_SetTxFiFo  stm32f4xx_hal_pcd_ex.o
    0x080048ce   0x080048ce   0x0000000e   Code   RO         3482    i.HAL_PCD_ConnectCallback  usbd_conf.o
    0x080048dc   0x080048dc   0x00000020   Code   RO         3483    i.HAL_PCD_DataInStageCallback  usbd_conf.o
    0x080048fc   0x080048fc   0x00000020   Code   RO         3484    i.HAL_PCD_DataOutStageCallback  usbd_conf.o
    0x0800491c   0x0800491c   0x0000000e   Code   RO         3485    i.HAL_PCD_DisconnectCallback  usbd_conf.o
    0x0800492a   0x0800492a   0x0000006a   Code   RO         5574    i.HAL_PCD_EP_Close  stm32f4xx_hal_pcd.o
    0x08004994   0x08004994   0x0000007c   Code   RO         5575    i.HAL_PCD_EP_ClrStall  stm32f4xx_hal_pcd.o
    0x08004a10   0x08004a10   0x00000016   Code   RO         5577    i.HAL_PCD_EP_GetRxCount  stm32f4xx_hal_pcd.o
    0x08004a26   0x08004a26   0x0000008c   Code   RO         5578    i.HAL_PCD_EP_Open   stm32f4xx_hal_pcd.o
    0x08004ab2   0x08004ab2   0x00000058   Code   RO         5579    i.HAL_PCD_EP_Receive  stm32f4xx_hal_pcd.o
    0x08004b0a   0x08004b0a   0x0000008a   Code   RO         5580    i.HAL_PCD_EP_SetStall  stm32f4xx_hal_pcd.o
    0x08004b94   0x08004b94   0x0000005a   Code   RO         5581    i.HAL_PCD_EP_Transmit  stm32f4xx_hal_pcd.o
    0x08004bee   0x08004bee   0x0000053e   Code   RO         5583    i.HAL_PCD_IRQHandler  stm32f4xx_hal_pcd.o
    0x0800512c   0x0800512c   0x00000012   Code   RO         3486    i.HAL_PCD_ISOINIncompleteCallback  usbd_conf.o
    0x0800513e   0x0800513e   0x00000012   Code   RO         3487    i.HAL_PCD_ISOOUTIncompleteCallback  usbd_conf.o
    0x08005150   0x08005150   0x00000166   Code   RO         5586    i.HAL_PCD_Init      stm32f4xx_hal_pcd.o
    0x080052b6   0x080052b6   0x00000002   PAD
    0x080052b8   0x080052b8   0x00000134   Code   RO         3489    i.HAL_PCD_MspInit   usbd_conf.o
    0x080053ec   0x080053ec   0x0000002a   Code   RO         3490    i.HAL_PCD_ResetCallback  usbd_conf.o
    0x08005416   0x08005416   0x0000000e   Code   RO         3491    i.HAL_PCD_ResumeCallback  usbd_conf.o
    0x08005424   0x08005424   0x0000000e   Code   RO         3492    i.HAL_PCD_SOFCallback  usbd_conf.o
    0x08005432   0x08005432   0x00000036   Code   RO         5592    i.HAL_PCD_SetAddress  stm32f4xx_hal_pcd.o
    0x08005468   0x08005468   0x00000012   Code   RO         3493    i.HAL_PCD_SetupStageCallback  usbd_conf.o
    0x0800547a   0x0800547a   0x0000004a   Code   RO         5594    i.HAL_PCD_Start     stm32f4xx_hal_pcd.o
    0x080054c4   0x080054c4   0x00000034   Code   RO         3494    i.HAL_PCD_SuspendCallback  usbd_conf.o
    0x080054f8   0x080054f8   0x00000180   Code   RO         6025    i.HAL_RCC_ClockConfig  stm32f4xx_hal_rcc.o
    0x08005678   0x08005678   0x00000044   Code   RO         6029    i.HAL_RCC_GetClockConfig  stm32f4xx_hal_rcc.o
    0x080056bc   0x080056bc   0x0000000c   Code   RO         6030    i.HAL_RCC_GetHCLKFreq  stm32f4xx_hal_rcc.o
    0x080056c8   0x080056c8   0x00000020   Code   RO         6032    i.HAL_RCC_GetPCLK1Freq  stm32f4xx_hal_rcc.o
    0x080056e8   0x080056e8   0x00000020   Code   RO         6033    i.HAL_RCC_GetPCLK2Freq  stm32f4xx_hal_rcc.o
    0x08005708   0x08005708   0x000000b0   Code   RO         6034    i.HAL_RCC_GetSysClockFreq  stm32f4xx_hal_rcc.o
    0x080057b8   0x080057b8   0x00000448   Code   RO         6037    i.HAL_RCC_OscConfig  stm32f4xx_hal_rcc.o
    0x08005c00   0x08005c00   0x00000036   Code   RO         6198    i.HAL_SPI_DeInit    stm32f4xx_hal_spi.o
    0x08005c36   0x08005c36   0x00000002   Code   RO         6199    i.HAL_SPI_ErrorCallback  stm32f4xx_hal_spi.o
    0x08005c38   0x08005c38   0x0000008c   Code   RO         6203    i.HAL_SPI_Init      stm32f4xx_hal_spi.o
    0x08005cc4   0x08005cc4   0x000000d4   Code   RO         1756    i.HAL_SPI_MspDeInit  stm32_spi.o
    0x08005d98   0x08005d98   0x000002a8   Code   RO         1757    i.HAL_SPI_MspInit   stm32_spi.o
    0x08006040   0x08006040   0x00000164   Code   RO         6206    i.HAL_SPI_Receive   stm32f4xx_hal_spi.o
    0x080061a4   0x080061a4   0x000001a2   Code   RO         6211    i.HAL_SPI_Transmit  stm32f4xx_hal_spi.o
    0x08006346   0x08006346   0x0000022a   Code   RO         6212    i.HAL_SPI_TransmitReceive  stm32f4xx_hal_spi.o
    0x08006570   0x08006570   0x00000028   Code   RO         4340    i.HAL_SYSTICK_CLKSourceConfig  stm32f4xx_hal_cortex.o
    0x08006598   0x08006598   0x00000002   Code   RO         7202    i.HAL_TIMEx_BreakCallback  stm32f4xx_hal_tim_ex.o
    0x0800659a   0x0800659a   0x00000002   Code   RO         7203    i.HAL_TIMEx_CommutCallback  stm32f4xx_hal_tim_ex.o
    0x0800659c   0x0800659c   0x00000034   Code   RO         6516    i.HAL_TIM_Base_Init  stm32f4xx_hal_tim.o
    0x080065d0   0x080065d0   0x00000002   Code   RO         6518    i.HAL_TIM_Base_MspInit  stm32f4xx_hal_tim.o
    0x080065d2   0x080065d2   0x0000002a   Code   RO         6521    i.HAL_TIM_Base_Start_IT  stm32f4xx_hal_tim.o
    0x080065fc   0x080065fc   0x00000002   Code   RO         6545    i.HAL_TIM_IC_CaptureCallback  stm32f4xx_hal_tim.o
    0x080065fe   0x080065fe   0x00000196   Code   RO         6559    i.HAL_TIM_IRQHandler  stm32f4xx_hal_tim.o
    0x08006794   0x08006794   0x00000002   Code   RO         6562    i.HAL_TIM_OC_DelayElapsedCallback  stm32f4xx_hal_tim.o
    0x08006796   0x08006796   0x00000002   Code   RO         6589    i.HAL_TIM_PWM_PulseFinishedCallback  stm32f4xx_hal_tim.o
    0x08006798   0x08006798   0x0000001c   Code   RO         1570    i.HAL_TIM_PeriodElapsedCallback  stm32_hal_timebase_tim.o
    0x080067b4   0x080067b4   0x00000002   Code   RO         6602    i.HAL_TIM_TriggerCallback  stm32f4xx_hal_tim.o
    0x080067b6   0x080067b6   0x00000072   Code   RO         7478    i.HAL_UART_Init     stm32f4xx_hal_uart.o
    0x08006828   0x08006828   0x000000a4   Code   RO         1892    i.HAL_UART_MspInit  stm32_uart.o
    0x080068cc   0x080068cc   0x000000d6   Code   RO         7486    i.HAL_UART_Transmit  stm32f4xx_hal_uart.o
    0x080069a2   0x080069a2   0x00000004   Code   RO         1678    i.HardFault_Handler  stm32_it.o
    0x080069a6   0x080069a6   0x00000002   PAD
    0x080069a8   0x080069a8   0x00000140   Code   RO           30    i.IAP_FillCmdACK    cmdprocess.o
    0x08006ae8   0x08006ae8   0x0000000a   Code   RO         1332    i.Indicator_CmdDataRecvOverFlow  platform.o
    0x08006af2   0x08006af2   0x0000000a   Code   RO         1333    i.Indicator_RadarDataIndexError  platform.o
    0x08006afc   0x08006afc   0x00000028   Code   RO         1334    i.Indicator_RadarDataReceived  platform.o
    0x08006b24   0x08006b24   0x0000000a   Code   RO         1335    i.Indicator_RadarDataRecvOverFlow  platform.o
    0x08006b2e   0x08006b2e   0x00000002   PAD
    0x08006b30   0x08006b30   0x00000028   Code   RO         1336    i.Indicator_RadarDataSendOverFlow  platform.o
    0x08006b58   0x08006b58   0x0000003e   Code   RO         3943    i.IntToUnicode      usbd_desc.o
    0x08006b96   0x08006b96   0x00000002   PAD
    0x08006b98   0x08006b98   0x00000064   Code   RO          586    i.IsFrameReady      dataprocess.o
    0x08006bfc   0x08006bfc   0x00000018   Code   RO         1758    i.IsSingleSpiInit   stm32_spi.o
    0x08006c14   0x08006c14   0x00000100   Code   RO         1499    i.LED_Init          stm32_gpio.o
    0x08006d14   0x08006d14   0x00000020   Code   RO         1500    i.LED_Off           stm32_gpio.o
    0x08006d34   0x08006d34   0x00000020   Code   RO         1501    i.LED_On            stm32_gpio.o
    0x08006d54   0x08006d54   0x00000020   Code   RO         1502    i.LED_Toggle        stm32_gpio.o
    0x08006d74   0x08006d74   0x00000040   Code   RO          966    i.MCU_FuncParaUpdate  system.o
    0x08006db4   0x08006db4   0x00000008   Code   RO           31    i.MTT_ParaRead      cmdprocess.o
    0x08006dbc   0x08006dbc   0x00000008   Code   RO           32    i.MTT_ParaUpdate    cmdprocess.o
    0x08006dc4   0x08006dc4   0x00000090   Code   RO         3451    i.MX_USB_DEVICE_Init  usb_device.o
    0x08006e54   0x08006e54   0x000002e0   Code   RO          587    i.McuSepcialFuncTask  dataprocess.o
    0x08007134   0x08007134   0x00000004   Code   RO         1679    i.MemManage_Handler  stm32_it.o
    0x08007138   0x08007138   0x00000002   Code   RO         1680    i.NMI_Handler       stm32_it.o
    0x0800713a   0x0800713a   0x00000002   PAD
    0x0800713c   0x0800713c   0x00000010   Code   RO         1681    i.OTG_HS_IRQHandler  stm32_it.o
    0x0800714c   0x0800714c   0x0000008c   Code   RO         5597    i.PCD_EP_OutSetupPacket_int  stm32f4xx_hal_pcd.o
    0x080071d8   0x080071d8   0x00000180   Code   RO         5598    i.PCD_EP_OutXfrComplete_int  stm32f4xx_hal_pcd.o
    0x08007358   0x08007358   0x000000b6   Code   RO         5599    i.PCD_WriteEmptyTxFifo  stm32f4xx_hal_pcd.o
    0x0800740e   0x0800740e   0x00000002   PAD
    0x08007410   0x08007410   0x0000001c   Code   RO           34    i.PD_ParaInit       cmdprocess.o
    0x0800742c   0x0800742c   0x0000001e   Code   RO         1337    i.Platform_Init     platform.o
    0x0800744a   0x0800744a   0x00000010   Code   RO          809    i.RTOS_Init         rtos.o
    0x0800745a   0x0800745a   0x00000002   PAD
    0x0800745c   0x0800745c   0x0000000c   Code   RO         1183    i.Radar_GetChipRegListConfigParaAddr  banyan.o
    0x08007468   0x08007468   0x00000008   Code   RO         1184    i.Radar_GetChipRegListConfigParaLen  banyan.o
    0x08007470   0x08007470   0x0000000c   Code   RO         1185    i.Radar_GetChipRegListStartParaAddr  banyan.o
    0x0800747c   0x0800747c   0x00000006   Code   RO         1186    i.Radar_GetChipRegListStartParaLen  banyan.o
    0x08007482   0x08007482   0x00000022   Code   RO          588    i.Radar_GetDataFormat  dataprocess.o
    0x080074a4   0x080074a4   0x00000050   Code   RO         1187    i.Radar_GetDataType  banyan.o
    0x080074f4   0x080074f4   0x0000006c   Code   RO         1188    i.Radar_GetDataTypeByRegisterList  banyan.o
    0x08007560   0x08007560   0x0000003a   Code   RO         1189    i.Radar_GetDfftChirpNum  banyan.o
    0x0800759a   0x0800759a   0x0000003a   Code   RO         1190    i.Radar_GetDfftDataNum  banyan.o
    0x080075d4   0x080075d4   0x0000001a   Code   RO         1191    i.Radar_GetDfftPeakSize  banyan.o
    0x080075ee   0x080075ee   0x00000022   Code   RO         1192    i.Radar_GetDfftRoiEnable  banyan.o
    0x08007610   0x08007610   0x00000014   Code   RO         1193    i.Radar_GetFftPoint  banyan.o
    0x08007624   0x08007624   0x00000022   Code   RO          589    i.Radar_GetIsDataMerge  dataprocess.o
    0x08007646   0x08007646   0x00000020   Code   RO         1194    i.Radar_GetOneFrameChirpNum  banyan.o
    0x08007666   0x08007666   0x00000002   PAD
    0x08007668   0x08007668   0x00000030   Code   RO         1195    i.Radar_GetRawPoint  banyan.o
    0x08007698   0x08007698   0x00000092   Code   RO         1196    i.Radar_GetRxGainType  banyan.o
    0x0800772a   0x0800772a   0x00000002   PAD
    0x0800772c   0x0800772c   0x00000040   Code   RO         1197    i.Radar_Init_Start_BanyanE  banyan.o
    0x0800776c   0x0800776c   0x0000007c   Code   RO         1198    i.Radar_Init_Stop_BanyanE  banyan.o
    0x080077e8   0x080077e8   0x00000094   Code   RO         1199    i.Radar_UpdateReg   banyan.o
    0x0800787c   0x0800787c   0x00000084   Code   RO         1200    i.Radar_Write_ABD_MTT_Para  banyan.o
    0x08007900   0x08007900   0x00000150   Code   RO           35    i.Read_PDCalibPara  cmdprocess.o
    0x08007a50   0x08007a50   0x00000048   Code   RO          938    i.RunFailed         utilities.o
    0x08007a98   0x08007a98   0x0000001a   Code   RO         1759    i.SPI3_DMA_ErrorCallback  stm32_spi.o
    0x08007ab2   0x08007ab2   0x00000002   PAD
    0x08007ab4   0x08007ab4   0x00000060   Code   RO         1760    i.SPI3_DMA_XferCplt  stm32_spi.o
    0x08007b14   0x08007b14   0x00000064   Code   RO         1761    i.SPI3_DMA_XferM1Cplt  stm32_spi.o
    0x08007b78   0x08007b78   0x00000048   Code   RO         1762    i.SPI3_DeInit       stm32_spi.o
    0x08007bc0   0x08007bc0   0x0000006c   Code   RO         1763    i.SPI3_Init         stm32_spi.o
    0x08007c2c   0x08007c2c   0x00000084   Code   RO         1764    i.SPI4_Config_Init  stm32_spi.o
    0x08007cb0   0x08007cb0   0x0000001a   Code   RO         1765    i.SPI4_DMA_ErrorCallback  stm32_spi.o
    0x08007cca   0x08007cca   0x00000002   PAD
    0x08007ccc   0x08007ccc   0x0000005c   Code   RO         1766    i.SPI4_DMA_XferCplt  stm32_spi.o
    0x08007d28   0x08007d28   0x00000064   Code   RO         1767    i.SPI4_DMA_XferM1Cplt  stm32_spi.o
    0x08007d8c   0x08007d8c   0x00000048   Code   RO         1768    i.SPI4_DeInit       stm32_spi.o
    0x08007dd4   0x08007dd4   0x00000078   Code   RO         1769    i.SPI4_Init         stm32_spi.o
    0x08007e4c   0x08007e4c   0x00000044   Code   RO         1770    i.SPI4_Read         stm32_spi.o
    0x08007e90   0x08007e90   0x00000034   Code   RO         1771    i.SPI4_Write        stm32_spi.o
    0x08007ec4   0x08007ec4   0x000001ac   Code   RO         1772    i.SPI_DMA_Enable    stm32_spi.o
    0x08008070   0x08008070   0x00000028   Code   RO         1773    i.SPI_DeInit        stm32_spi.o
    0x08008098   0x08008098   0x00000094   Code   RO         6240    i.SPI_EndRxTransaction  stm32f4xx_hal_spi.o
    0x0800812c   0x0800812c   0x0000006c   Code   RO         6241    i.SPI_EndRxTxTransaction  stm32f4xx_hal_spi.o
    0x08008198   0x08008198   0x00000060   Code   RO         1774    i.SPI_Init          stm32_spi.o
    0x080081f8   0x080081f8   0x00000020   Code   RO         1775    i.SPI_ResetBuffer   stm32_spi.o
    0x08008218   0x08008218   0x000000a8   Code   RO         6246    i.SPI_WaitFlagStateUntilTimeout  stm32f4xx_hal_spi.o
    0x080082c0   0x080082c0   0x00000012   Code   RO         3835    i.SWAPBYTE          usbd_ctlreq.o
    0x080082d2   0x080082d2   0x00000002   PAD
    0x080082d4   0x080082d4   0x00000208   Code   RO           37    i.Set_PDCalibrationPara  cmdprocess.o
    0x080084dc   0x080084dc   0x00000168   Code   RO          591    i.StartDataTransfer  dataprocess.o
    0x08008644   0x08008644   0x00000034   Code   RO         2430    i.SysTick_Handler   port.o
    0x08008678   0x08008678   0x000000b4   Code   RO         1421    i.SystemClock_Config  stm32_clock.o
    0x0800872c   0x0800872c   0x00000064   Code   RO         4088    i.SystemInit        system_stm32f4xx.o
    0x08008790   0x08008790   0x00000008   Code   RO           38    i.System_GetPDCaliParaAddr  cmdprocess.o
    0x08008798   0x08008798   0x00000004   Code   RO           39    i.System_GetPDCaliParaLen  cmdprocess.o
    0x0800879c   0x0800879c   0x0000000c   Code   RO          969    i.System_GetSysMode  system.o
    0x080087a8   0x080087a8   0x00000008   Code   RO          970    i.System_GetSysParaAddr  system.o
    0x080087b0   0x080087b0   0x00000004   Code   RO          971    i.System_GetSysParaLen  system.o
    0x080087b4   0x080087b4   0x00000008   Code   RO          972    i.System_GetSysSnInfoAddr  system.o
    0x080087bc   0x080087bc   0x00000004   Code   RO          973    i.System_GetSysSnInfoLen  system.o
    0x080087c0   0x080087c0   0x0000000c   Code   RO          974    i.System_GetUploadSampleRate  system.o
    0x080087cc   0x080087cc   0x0000001c   Code   RO          975    i.System_ParaInit   system.o
    0x080087e8   0x080087e8   0x00000030   Code   RO          976    i.System_ParaRead   system.o
    0x08008818   0x08008818   0x00000094   Code   RO          977    i.System_ParaUpdate  system.o
    0x080088ac   0x080088ac   0x00000064   Code   RO          978    i.System_Reconfig   system.o
    0x08008910   0x08008910   0x00000010   Code   RO          979    i.System_Reset      system.o
    0x08008920   0x08008920   0x00000028   Code   RO          980    i.System_SetSysSnInfo  system.o
    0x08008948   0x08008948   0x00000010   Code   RO         1682    i.TIM1_UP_TIM10_IRQHandler  stm32_it.o
    0x08008958   0x08008958   0x000000d8   Code   RO         6604    i.TIM_Base_SetConfig  stm32f4xx_hal_tim.o
    0x08008a30   0x08008a30   0x00000038   Code   RO         1893    i.UART_Init         stm32_uart.o
    0x08008a68   0x08008a68   0x00000368   Code   RO         7505    i.UART_SetConfig    stm32f4xx_hal_uart.o
    0x08008dd0   0x08008dd0   0x0000006c   Code   RO         7507    i.UART_WaitOnFlagUntilTimeout  stm32f4xx_hal_uart.o
    0x08008e3c   0x08008e3c   0x00000094   Code   RO         3269    i.USBD_CDC_DataIn   usbd_cdc.o
    0x08008ed0   0x08008ed0   0x00000034   Code   RO         3270    i.USBD_CDC_DataOut  usbd_cdc.o
    0x08008f04   0x08008f04   0x00000052   Code   RO         3271    i.USBD_CDC_DeInit   usbd_cdc.o
    0x08008f56   0x08008f56   0x00000038   Code   RO         3272    i.USBD_CDC_EP0_RxReady  usbd_cdc.o
    0x08008f8e   0x08008f8e   0x00000002   PAD
    0x08008f90   0x08008f90   0x00000010   Code   RO         3273    i.USBD_CDC_GetDeviceQualifierDescriptor  usbd_cdc.o
    0x08008fa0   0x08008fa0   0x00000010   Code   RO         3274    i.USBD_CDC_GetFSCfgDesc  usbd_cdc.o
    0x08008fb0   0x08008fb0   0x00000010   Code   RO         3275    i.USBD_CDC_GetHSCfgDesc  usbd_cdc.o
    0x08008fc0   0x08008fc0   0x00000010   Code   RO         3276    i.USBD_CDC_GetOtherSpeedCfgDesc  usbd_cdc.o
    0x08008fd0   0x08008fd0   0x000000c0   Code   RO         3277    i.USBD_CDC_Init     usbd_cdc.o
    0x08009090   0x08009090   0x0000003a   Code   RO         3278    i.USBD_CDC_ReceivePacket  usbd_cdc.o
    0x080090ca   0x080090ca   0x00000010   Code   RO         3279    i.USBD_CDC_RegisterInterface  usbd_cdc.o
    0x080090da   0x080090da   0x00000016   Code   RO         3280    i.USBD_CDC_SetRxBuffer  usbd_cdc.o
    0x080090f0   0x080090f0   0x0000001c   Code   RO         3281    i.USBD_CDC_SetTxBuffer  usbd_cdc.o
    0x0800910c   0x0800910c   0x0000011c   Code   RO         3282    i.USBD_CDC_Setup    usbd_cdc.o
    0x08009228   0x08009228   0x0000003c   Code   RO         3283    i.USBD_CDC_TransmitPacket  usbd_cdc.o
    0x08009264   0x08009264   0x0000001c   Code   RO         3693    i.USBD_ClrClassConfig  usbd_core.o
    0x08009280   0x08009280   0x0000003e   Code   RO         3836    i.USBD_ClrFeature   usbd_ctlreq.o
    0x080092be   0x080092be   0x00000018   Code   RO         4023    i.USBD_CtlContinueRx  usbd_ioreq.o
    0x080092d6   0x080092d6   0x00000018   Code   RO         4024    i.USBD_CtlContinueSendData  usbd_ioreq.o
    0x080092ee   0x080092ee   0x00000018   Code   RO         3837    i.USBD_CtlError     usbd_ctlreq.o
    0x08009306   0x08009306   0x00000028   Code   RO         4025    i.USBD_CtlPrepareRx  usbd_ioreq.o
    0x0800932e   0x0800932e   0x0000001a   Code   RO         4026    i.USBD_CtlReceiveStatus  usbd_ioreq.o
    0x08009348   0x08009348   0x00000022   Code   RO         4027    i.USBD_CtlSendData  usbd_ioreq.o
    0x0800936a   0x0800936a   0x0000001a   Code   RO         4028    i.USBD_CtlSendStatus  usbd_ioreq.o
    0x08009384   0x08009384   0x00000056   Code   RO         3838    i.USBD_GetConfig    usbd_ctlreq.o
    0x080093da   0x080093da   0x000001fc   Code   RO         3839    i.USBD_GetDescriptor  usbd_ctlreq.o
    0x080095d6   0x080095d6   0x00000016   Code   RO         3840    i.USBD_GetLen       usbd_ctlreq.o
    0x080095ec   0x080095ec   0x0000005a   Code   RO         3841    i.USBD_GetStatus    usbd_ctlreq.o
    0x08009646   0x08009646   0x00000054   Code   RO         3842    i.USBD_GetString    usbd_ctlreq.o
    0x0800969a   0x0800969a   0x0000002c   Code   RO         3495    i.USBD_Get_USB_Status  usbd_conf.o
    0x080096c6   0x080096c6   0x00000002   PAD
    0x080096c8   0x080096c8   0x00000034   Code   RO         3944    i.USBD_HS_ConfigStrDescriptor  usbd_desc.o
    0x080096fc   0x080096fc   0x00000010   Code   RO         3945    i.USBD_HS_DeviceDescriptor  usbd_desc.o
    0x0800970c   0x0800970c   0x00000038   Code   RO         3946    i.USBD_HS_InterfaceStrDescriptor  usbd_desc.o
    0x08009744   0x08009744   0x00000010   Code   RO         3947    i.USBD_HS_LangIDStrDescriptor  usbd_desc.o
    0x08009754   0x08009754   0x0000002c   Code   RO         3948    i.USBD_HS_ManufacturerStrDescriptor  usbd_desc.o
    0x08009780   0x08009780   0x00000040   Code   RO         3949    i.USBD_HS_ProductStrDescriptor  usbd_desc.o
    0x080097c0   0x080097c0   0x00000018   Code   RO         3950    i.USBD_HS_SerialStrDescriptor  usbd_desc.o
    0x080097d8   0x080097d8   0x0000003a   Code   RO         3695    i.USBD_Init         usbd_core.o
    0x08009812   0x08009812   0x00000026   Code   RO         3496    i.USBD_LL_ClearStallEP  usbd_conf.o
    0x08009838   0x08009838   0x00000026   Code   RO         3497    i.USBD_LL_CloseEP   usbd_conf.o
    0x0800985e   0x0800985e   0x000000e2   Code   RO         3696    i.USBD_LL_DataInStage  usbd_core.o
    0x08009940   0x08009940   0x0000008e   Code   RO         3697    i.USBD_LL_DataOutStage  usbd_core.o
    0x080099ce   0x080099ce   0x00000006   Code   RO         3698    i.USBD_LL_DevConnected  usbd_core.o
    0x080099d4   0x080099d4   0x00000020   Code   RO         3699    i.USBD_LL_DevDisconnected  usbd_core.o
    0x080099f4   0x080099f4   0x00000012   Code   RO         3501    i.USBD_LL_GetRxDataSize  usbd_conf.o
    0x08009a06   0x08009a06   0x00000002   PAD
    0x08009a08   0x08009a08   0x00000068   Code   RO         3502    i.USBD_LL_Init      usbd_conf.o
    0x08009a70   0x08009a70   0x00000038   Code   RO         3503    i.USBD_LL_IsStallEP  usbd_conf.o
    0x08009aa8   0x08009aa8   0x00000030   Code   RO         3700    i.USBD_LL_IsoINIncomplete  usbd_core.o
    0x08009ad8   0x08009ad8   0x00000030   Code   RO         3701    i.USBD_LL_IsoOUTIncomplete  usbd_core.o
    0x08009b08   0x08009b08   0x00000030   Code   RO         3504    i.USBD_LL_OpenEP    usbd_conf.o
    0x08009b38   0x08009b38   0x00000030   Code   RO         3505    i.USBD_LL_PrepareReceive  usbd_conf.o
    0x08009b68   0x08009b68   0x0000006c   Code   RO         3702    i.USBD_LL_Reset     usbd_core.o
    0x08009bd4   0x08009bd4   0x00000016   Code   RO         3703    i.USBD_LL_Resume    usbd_core.o
    0x08009bea   0x08009bea   0x0000002c   Code   RO         3704    i.USBD_LL_SOF       usbd_core.o
    0x08009c16   0x08009c16   0x00000008   Code   RO         3705    i.USBD_LL_SetSpeed  usbd_core.o
    0x08009c1e   0x08009c1e   0x00000026   Code   RO         3506    i.USBD_LL_SetUSBAddress  usbd_conf.o
    0x08009c44   0x08009c44   0x00000076   Code   RO         3706    i.USBD_LL_SetupStage  usbd_core.o
    0x08009cba   0x08009cba   0x00000026   Code   RO         3507    i.USBD_LL_StallEP   usbd_conf.o
    0x08009ce0   0x08009ce0   0x0000001e   Code   RO         3508    i.USBD_LL_Start     usbd_conf.o
    0x08009cfe   0x08009cfe   0x00000014   Code   RO         3707    i.USBD_LL_Suspend   usbd_core.o
    0x08009d12   0x08009d12   0x00000030   Code   RO         3510    i.USBD_LL_Transmit  usbd_conf.o
    0x08009d42   0x08009d42   0x00000036   Code   RO         3843    i.USBD_ParseSetupRequest  usbd_ctlreq.o
    0x08009d78   0x08009d78   0x0000002e   Code   RO         3708    i.USBD_RegisterClass  usbd_core.o
    0x08009da6   0x08009da6   0x00000006   Code   RO         3709    i.USBD_RunTestMode  usbd_core.o
    0x08009dac   0x08009dac   0x0000005a   Code   RO         3844    i.USBD_SetAddress   usbd_ctlreq.o
    0x08009e06   0x08009e06   0x00000020   Code   RO         3710    i.USBD_SetClassConfig  usbd_core.o
    0x08009e26   0x08009e26   0x00000002   PAD
    0x08009e28   0x08009e28   0x000000fc   Code   RO         3845    i.USBD_SetConfig    usbd_ctlreq.o
    0x08009f24   0x08009f24   0x00000018   Code   RO         3846    i.USBD_SetFeature   usbd_ctlreq.o
    0x08009f3c   0x08009f3c   0x0000000c   Code   RO         3711    i.USBD_Start        usbd_core.o
    0x08009f48   0x08009f48   0x000000a6   Code   RO         3847    i.USBD_StdDevReq    usbd_ctlreq.o
    0x08009fee   0x08009fee   0x0000022c   Code   RO         3848    i.USBD_StdEPReq     usbd_ctlreq.o
    0x0800a21a   0x0800a21a   0x0000007e   Code   RO         3849    i.USBD_StdItfReq    usbd_ctlreq.o
    0x0800a298   0x0800a298   0x00000002   Code   RO         3511    i.USBD_static_free  usbd_conf.o
    0x0800a29a   0x0800a29a   0x00000002   PAD
    0x0800a29c   0x0800a29c   0x0000000c   Code   RO         3512    i.USBD_static_malloc  usbd_conf.o
    0x0800a2a8   0x0800a2a8   0x000000d0   Code   RO         7866    i.USB_ActivateEndpoint  stm32f4xx_ll_usb.o
    0x0800a378   0x0800a378   0x00000046   Code   RO         7868    i.USB_ActivateSetup  stm32f4xx_ll_usb.o
    0x0800a3be   0x0800a3be   0x00000002   PAD
    0x0800a3c0   0x0800a3c0   0x00000084   Code   RO         7870    i.USB_CoreInit      stm32f4xx_ll_usb.o
    0x0800a444   0x0800a444   0x0000004c   Code   RO         7871    i.USB_CoreReset     stm32f4xx_ll_usb.o
    0x0800a490   0x0800a490   0x000000c4   Code   RO         7874    i.USB_DeactivateEndpoint  stm32f4xx_ll_usb.o
    0x0800a554   0x0800a554   0x00000020   Code   RO         7875    i.USB_DevConnect    stm32f4xx_ll_usb.o
    0x0800a574   0x0800a574   0x00000020   Code   RO         7876    i.USB_DevDisconnect  stm32f4xx_ll_usb.o
    0x0800a594   0x0800a594   0x000001f4   Code   RO         7877    i.USB_DevInit       stm32f4xx_ll_usb.o
    0x0800a788   0x0800a788   0x0000000e   Code   RO         7878    i.USB_DisableGlobalInt  stm32f4xx_ll_usb.o
    0x0800a796   0x0800a796   0x00000002   PAD
    0x0800a798   0x0800a798   0x000001d8   Code   RO         7881    i.USB_EP0StartXfer  stm32f4xx_ll_usb.o
    0x0800a970   0x0800a970   0x00000070   Code   RO         7882    i.USB_EP0_OutStart  stm32f4xx_ll_usb.o
    0x0800a9e0   0x0800a9e0   0x0000008e   Code   RO         7883    i.USB_EPClearStall  stm32f4xx_ll_usb.o
    0x0800aa6e   0x0800aa6e   0x0000009a   Code   RO         7884    i.USB_EPSetStall    stm32f4xx_ll_usb.o
    0x0800ab08   0x0800ab08   0x00000344   Code   RO         7885    i.USB_EPStartXfer   stm32f4xx_ll_usb.o
    0x0800ae4c   0x0800ae4c   0x0000000e   Code   RO         7886    i.USB_EnableGlobalInt  stm32f4xx_ll_usb.o
    0x0800ae5a   0x0800ae5a   0x00000002   PAD
    0x0800ae5c   0x0800ae5c   0x0000002c   Code   RO         7887    i.USB_FlushRxFifo   stm32f4xx_ll_usb.o
    0x0800ae88   0x0800ae88   0x00000030   Code   RO         7888    i.USB_FlushTxFifo   stm32f4xx_ll_usb.o
    0x0800aeb8   0x0800aeb8   0x00000026   Code   RO         7890    i.USB_GetDevSpeed   stm32f4xx_ll_usb.o
    0x0800aede   0x0800aede   0x0000000a   Code   RO         7892    i.USB_GetMode       stm32f4xx_ll_usb.o
    0x0800aee8   0x0800aee8   0x00000014   Code   RO         7899    i.USB_ReadDevAllInEpInterrupt  stm32f4xx_ll_usb.o
    0x0800aefc   0x0800aefc   0x00000014   Code   RO         7900    i.USB_ReadDevAllOutEpInterrupt  stm32f4xx_ll_usb.o
    0x0800af10   0x0800af10   0x00000032   Code   RO         7901    i.USB_ReadDevInEPInterrupt  stm32f4xx_ll_usb.o
    0x0800af42   0x0800af42   0x0000001a   Code   RO         7902    i.USB_ReadDevOutEPInterrupt  stm32f4xx_ll_usb.o
    0x0800af5c   0x0800af5c   0x0000000a   Code   RO         7903    i.USB_ReadInterrupts  stm32f4xx_ll_usb.o
    0x0800af66   0x0800af66   0x00000022   Code   RO         7904    i.USB_ReadPacket    stm32f4xx_ll_usb.o
    0x0800af88   0x0800af88   0x00000036   Code   RO         7906    i.USB_SetCurrentMode  stm32f4xx_ll_usb.o
    0x0800afbe   0x0800afbe   0x0000002a   Code   RO         7907    i.USB_SetDevAddress  stm32f4xx_ll_usb.o
    0x0800afe8   0x0800afe8   0x00000012   Code   RO         7908    i.USB_SetDevSpeed   stm32f4xx_ll_usb.o
    0x0800affa   0x0800affa   0x00000002   PAD
    0x0800affc   0x0800affc   0x000000e8   Code   RO         7909    i.USB_SetTurnaroundTime  stm32f4xx_ll_usb.o
    0x0800b0e4   0x0800b0e4   0x0000003c   Code   RO         7912    i.USB_WritePacket   stm32f4xx_ll_usb.o
    0x0800b120   0x0800b120   0x00000004   Code   RO         1683    i.UsageFault_Handler  stm32_it.o
    0x0800b124   0x0800b124   0x00000048   Code   RO          849    i.UsbTransferTask   usb_transfer.o
    0x0800b16c   0x0800b16c   0x00000074   Code   RO          850    i.UsbTransfer_ForceSend  usb_transfer.o
    0x0800b1e0   0x0800b1e0   0x0000002c   Code   RO          851    i.UsbTransfer_ResetUsbBuffer  usb_transfer.o
    0x0800b20c   0x0800b20c   0x000000e0   Code   RO          852    i.UsbTransfer_Send  usb_transfer.o
    0x0800b2ec   0x0800b2ec   0x00000038   Code   RO          853    i.UsbTransfer_Send2UsbDataQueue  usb_transfer.o
    0x0800b324   0x0800b324   0x00000070   Code   RO          854    i.UsbTransfer_TaskInit  usb_transfer.o
    0x0800b394   0x0800b394   0x00000058   Code   RO          855    i.UsbTransfer_UsbPktCntCallBack  usb_transfer.o
    0x0800b3ec   0x0800b3ec   0x00000020   Code   RO         8372    i.__0printf$3       mc_w.l(printf3.o)
    0x0800b40c   0x0800b40c   0x00000010   Code   RO         4344    i.__NVIC_GetPriorityGrouping  stm32f4xx_hal_cortex.o
    0x0800b41c   0x0800b41c   0x00000028   Code   RO         4345    i.__NVIC_SetPriority  stm32f4xx_hal_cortex.o
    0x0800b444   0x0800b444   0x0000000e   Code   RO         8616    i.__scatterload_copy  mc_w.l(handlers.o)
    0x0800b452   0x0800b452   0x00000002   Code   RO         8617    i.__scatterload_null  mc_w.l(handlers.o)
    0x0800b454   0x0800b454   0x0000000e   Code   RO         8618    i.__scatterload_zeroinit  mc_w.l(handlers.o)
    0x0800b462   0x0800b462   0x00000002   PAD
    0x0800b464   0x0800b464   0x000001b8   Code   RO         8379    i._printf_core      mc_w.l(printf3.o)
    0x0800b61c   0x0800b61c   0x00000038   Code   RO          592    i.calc_gcd          dataprocess.o
    0x0800b654   0x0800b654   0x00000018   Code   RO          593    i.calc_lcm          dataprocess.o
    0x0800b66c   0x0800b66c   0x0000003c   Code   RO         1338    i.delay_init        platform.o
    0x0800b6a8   0x0800b6a8   0x00000038   Code   RO         1339    i.delay_ms          platform.o
    0x0800b6e0   0x0800b6e0   0x0000004c   Code   RO         1341    i.delay_xms         platform.o
    0x0800b72c   0x0800b72c   0x00000008   Code   RO           40    i.fftzerofill_ParaUpdate  cmdprocess.o
    0x0800b734   0x0800b734   0x0000001c   Code   RO         1895    i.fputc             stm32_uart.o
    0x0800b750   0x0800b750   0x0000002a   Code   RO          772    i.main              main.o
    0x0800b77a   0x0800b77a   0x0000000e   Code   RO         1989    i.makeFreeRtosPriority  cmsis_os.o
    0x0800b788   0x0800b788   0x00000012   Code   RO         1993    i.osKernelRunning   cmsis_os.o
    0x0800b79a   0x0800b79a   0x0000000a   Code   RO         1994    i.osKernelStart     cmsis_os.o
    0x0800b7a4   0x0800b7a4   0x0000005e   Code   RO         2028    i.osThreadCreate    cmsis_os.o
    0x0800b802   0x0800b802   0x00000002   PAD
    0x0800b804   0x0800b804   0x00000098   Code   RO         2957    i.prvAddCurrentTaskToDelayedList  tasks.o
    0x0800b89c   0x0800b89c   0x000000b4   Code   RO         2958    i.prvAddNewTaskToReadyList  tasks.o
    0x0800b950   0x0800b950   0x00000048   Code   RO         2959    i.prvCheckTasksWaitingTermination  tasks.o
    0x0800b998   0x0800b998   0x0000002a   Code   RO         2641    i.prvCopyDataFromQueue  queue.o
    0x0800b9c2   0x0800b9c2   0x0000007c   Code   RO         2642    i.prvCopyDataToQueue  queue.o
    0x0800ba3e   0x0800ba3e   0x00000050   Code   RO         2960    i.prvDeleteTCB      tasks.o
    0x0800ba8e   0x0800ba8e   0x00000014   Code   RO         2643    i.prvGetDisinheritPriorityAfterTimeout  queue.o
    0x0800baa2   0x0800baa2   0x00000002   PAD
    0x0800baa4   0x0800baa4   0x0000007c   Code   RO         2359    i.prvHeapInit       heap_4.o
    0x0800bb20   0x0800bb20   0x00000028   Code   RO         2961    i.prvIdleTask       tasks.o
    0x0800bb48   0x0800bb48   0x00000026   Code   RO         2645    i.prvInitialiseNewQueue  queue.o
    0x0800bb6e   0x0800bb6e   0x000000aa   Code   RO         2962    i.prvInitialiseNewTask  tasks.o
    0x0800bc18   0x0800bc18   0x00000068   Code   RO         2963    i.prvInitialiseTaskLists  tasks.o
    0x0800bc80   0x0800bc80   0x00000068   Code   RO         2360    i.prvInsertBlockIntoFreeList  heap_4.o
    0x0800bce8   0x0800bce8   0x0000001a   Code   RO         2646    i.prvIsQueueEmpty   queue.o
    0x0800bd02   0x0800bd02   0x0000001e   Code   RO         2647    i.prvIsQueueFull    queue.o
    0x0800bd20   0x0800bd20   0x00000034   Code   RO         2964    i.prvResetNextTaskUnblockTime  tasks.o
    0x0800bd54   0x0800bd54   0x00000040   Code   RO         2431    i.prvTaskExitError  port.o
    0x0800bd94   0x0800bd94   0x0000007e   Code   RO         2648    i.prvUnlockQueue    queue.o
    0x0800be12   0x0800be12   0x00000002   PAD
    0x0800be14   0x0800be14   0x0000013c   Code   RO         2361    i.pvPortMalloc      heap_4.o
    0x0800bf50   0x0800bf50   0x00000020   Code   RO         2966    i.pvTaskIncrementMutexHeldCount  tasks.o
    0x0800bf70   0x0800bf70   0x0000002c   Code   RO         2432    i.pxPortInitialiseStack  port.o
    0x0800bf9c   0x0800bf9c   0x00000028   Code   RO         2601    i.uxListRemove      list.o
    0x0800bfc4   0x0800bfc4   0x00000030   Code   RO         2651    i.uxQueueSpacesAvailable  queue.o
    0x0800bff4   0x0800bff4   0x00000018   Code   RO          810    i.vApplicationGetIdleTaskMemory  rtos.o
    0x0800c00c   0x0800c00c   0x0000001a   Code   RO         2602    i.vListInitialise   list.o
    0x0800c026   0x0800c026   0x00000006   Code   RO         2603    i.vListInitialiseItem  list.o
    0x0800c02c   0x0800c02c   0x00000034   Code   RO         2604    i.vListInsert       list.o
    0x0800c060   0x0800c060   0x00000018   Code   RO         2605    i.vListInsertEnd    list.o
    0x0800c078   0x0800c078   0x00000054   Code   RO         2434    i.vPortEnterCritical  port.o
    0x0800c0cc   0x0800c0cc   0x0000003c   Code   RO         2435    i.vPortExitCritical  port.o
    0x0800c108   0x0800c108   0x00000094   Code   RO         2362    i.vPortFree         heap_4.o
    0x0800c19c   0x0800c19c   0x00000028   Code   RO         2436    i.vPortSetupTimerInterrupt  port.o
    0x0800c1c4   0x0800c1c4   0x00000078   Code   RO         2437    i.vPortValidateInterruptPriority  port.o
    0x0800c23c   0x0800c23c   0x0000005c   Code   RO         2972    i.vTaskDelay        tasks.o
    0x0800c298   0x0800c298   0x00000018   Code   RO         2975    i.vTaskInternalSetTimeOutState  tasks.o
    0x0800c2b0   0x0800c2b0   0x0000000c   Code   RO         2976    i.vTaskMissedYield  tasks.o
    0x0800c2bc   0x0800c2bc   0x00000038   Code   RO         2978    i.vTaskPlaceOnEventList  tasks.o
    0x0800c2f4   0x0800c2f4   0x000000f4   Code   RO         2980    i.vTaskPriorityDisinheritAfterTimeout  tasks.o
    0x0800c3e8   0x0800c3e8   0x000000b0   Code   RO         2985    i.vTaskStartScheduler  tasks.o
    0x0800c498   0x0800c498   0x00000010   Code   RO         2987    i.vTaskSuspendAll   tasks.o
    0x0800c4a8   0x0800c4a8   0x0000008c   Code   RO         2988    i.vTaskSwitchContext  tasks.o
    0x0800c534   0x0800c534   0x00000168   Code   RO         2438    i.xPortStartScheduler  port.o
    0x0800c69c   0x0800c69c   0x0000005e   Code   RO         2657    i.xQueueGenericCreate  queue.o
    0x0800c6fa   0x0800c6fa   0x00000002   PAD
    0x0800c6fc   0x0800c6fc   0x00000098   Code   RO         2659    i.xQueueGenericReset  queue.o
    0x0800c794   0x0800c794   0x000001a8   Code   RO         2660    i.xQueueGenericSend  queue.o
    0x0800c93c   0x0800c93c   0x000000f8   Code   RO         2661    i.xQueueGenericSendFromISR  queue.o
    0x0800ca34   0x0800ca34   0x00000168   Code   RO         2667    i.xQueueReceive     queue.o
    0x0800cb9c   0x0800cb9c   0x000001b8   Code   RO         2669    i.xQueueSemaphoreTake  queue.o
    0x0800cd54   0x0800cd54   0x0000008c   Code   RO         2989    i.xTaskCheckForTimeOut  tasks.o
    0x0800cde0   0x0800cde0   0x00000064   Code   RO         2990    i.xTaskCreate       tasks.o
    0x0800ce44   0x0800ce44   0x000000b8   Code   RO         2991    i.xTaskCreateStatic  tasks.o
    0x0800cefc   0x0800cefc   0x00000020   Code   RO         2995    i.xTaskGetSchedulerState  tasks.o
    0x0800cf1c   0x0800cf1c   0x00000148   Code   RO         2998    i.xTaskIncrementTick  tasks.o
    0x0800d064   0x0800d064   0x000000c8   Code   RO         3001    i.xTaskPriorityDisinherit  tasks.o
    0x0800d12c   0x0800d12c   0x000000c8   Code   RO         3002    i.xTaskPriorityInherit  tasks.o
    0x0800d1f4   0x0800d1f4   0x00000098   Code   RO         3003    i.xTaskRemoveFromEventList  tasks.o
    0x0800d28c   0x0800d28c   0x00000104   Code   RO         3004    i.xTaskResumeAll    tasks.o
    0x0800d390   0x0800d390   0x0000002c   Data   RO           42    .constdata          cmdprocess.o
    0x0800d3bc   0x0800d3bc   0x00000038   Data   RO          595    .constdata          dataprocess.o
    0x0800d3f4   0x0800d3f4   0x0000001c   Data   RO          857    .constdata          usb_transfer.o
    0x0800d410   0x0800d410   0x000002ec   Data   RO         1201    .constdata          banyan.o
    0x0800d6fc   0x0800d6fc   0x00000018   Data   RO         4089    .constdata          system_stm32f4xx.o
    0x0800d714   0x0800d714   0x00000008   Data   RO         4481    .constdata          stm32f4xx_hal_dma.o
    0x0800d71c   0x0800d71c   0x0000000c   Data   RO           43    .conststring        cmdprocess.o
    0x0800d728   0x0800d728   0x00000021   Data   RO          596    .conststring        dataprocess.o
    0x0800d749   0x0800d749   0x00000003   PAD
    0x0800d74c   0x0800d74c   0x00000010   Data   RO          858    .conststring        usb_transfer.o
    0x0800d75c   0x0800d75c   0x00000020   Data   RO         8614    Region$$Table       anon$$obj.o


    Execution Region RW_IRAM1 (Exec base: 0x20000000, Load base: 0x0800d77c, Size: 0x0001d640, Max: 0x00030000, ABSOLUTE, COMPRESSED[0x00000200])

    Exec Addr    Load Addr    Size         Type   Attr      Idx    E Section Name        Object

    0x20000000   COMPRESSED   0x00000030   Data   RW           44    .data               cmdprocess.o
    0x20000030   COMPRESSED   0x00000001   Data   RW          484    .data               config.o
    0x20000031   COMPRESSED   0x00000003   PAD
    0x20000034   COMPRESSED   0x0000002e   Data   RW          597    .data               dataprocess.o
    0x20000062   COMPRESSED   0x00000002   PAD
    0x20000064   COMPRESSED   0x00000016   Data   RW          859    .data               usb_transfer.o
    0x2000007a   COMPRESSED   0x00000002   PAD
    0x2000007c   COMPRESSED   0x000001be   Data   RW         1202    .data               banyan.o
    0x2000023a   COMPRESSED   0x00000007   Data   RW         1342    .data               platform.o
    0x20000241   COMPRESSED   0x00000003   PAD
    0x20000244   COMPRESSED   0x0000001e   Data   RW         1503    .data               stm32_gpio.o
    0x20000262   COMPRESSED   0x00000009   Data   RW         1777    .data               stm32_spi.o
    0x2000026b   COMPRESSED   0x00000001   PAD
    0x2000026c   COMPRESSED   0x00000018   Data   RW         2367    .data               heap_4.o
    0x20000284   COMPRESSED   0x0000000c   Data   RW         2439    .data               port.o
    0x20000290   COMPRESSED   0x0000003c   Data   RW         3007    .data               tasks.o
    0x200002cc   COMPRESSED   0x0000010f   Data   RW         3284    .data               usbd_cdc.o
    0x200003db   COMPRESSED   0x00000001   PAD
    0x200003dc   COMPRESSED   0x00000014   Data   RW         3391    .data               usbd_cdc_if.o
    0x200003f0   COMPRESSED   0x00000001   Data   RW         3850    .data               usbd_ctlreq.o
    0x200003f1   COMPRESSED   0x00000003   PAD
    0x200003f4   COMPRESSED   0x0000004e   Data   RW         3952    .data               usbd_desc.o
    0x20000442   COMPRESSED   0x00000002   PAD
    0x20000444   COMPRESSED   0x00000004   Data   RW         4090    .data               system_stm32f4xx.o
    0x20000448   COMPRESSED   0x00000009   Data   RW         4160    .data               stm32f4xx_hal.o
    0x20000451   COMPRESSED   0x00000003   PAD
    0x20000454   COMPRESSED   0x00000004   Data   RW         8588    .data               mc_w.l(stdout.o)
    0x20000458        -       0x000008a0   Zero   RW           41    .bss                cmdprocess.o
    0x20000cf8        -       0x00000034   Zero   RW          483    .bss                config.o
    0x20000d2c        -       0x000020f8   Zero   RW          594    .bss                dataprocess.o
    0x20002e24        -       0x00000254   Zero   RW          811    .bss                rtos.o
    0x20003078        -       0x0000f2d0   Zero   RW          856    .bss                usb_transfer.o
    0x20012348        -       0x00000044   Zero   RW          982    .bss                system.o
    0x2001238c        -       0x00000040   Zero   RW         1571    .bss                stm32_hal_timebase_tim.o
    0x200123cc        -       0x00004220   Zero   RW         1776    .bss                stm32_spi.o
    0x200165ec        -       0x00000040   Zero   RW         1896    .bss                stm32_uart.o
    0x2001662c        -       0x00003c00   Zero   RW         2366    .bss                heap_4.o
    0x2001a22c        -       0x000000f0   Zero   RW         3006    .bss                tasks.o
    0x2001a31c        -       0x00002406   Zero   RW         3390    .bss                usbd_cdc_if.o
    0x2001c722   COMPRESSED   0x00000002   PAD
    0x2001c724        -       0x000002d0   Zero   RW         3452    .bss                usb_device.o
    0x2001c9f4        -       0x00000628   Zero   RW         3513    .bss                usbd_conf.o
    0x2001d01c        -       0x00000200   Zero   RW         3951    .bss                usbd_desc.o
    0x2001d21c        -       0x00000020   Zero   RW         4720    .bss                stm32f4xx_hal_flash.o
    0x2001d23c   COMPRESSED   0x00000004   PAD
    0x2001d240        -       0x00000400   Zero   RW         4121    STACK               startup_stm32f429xx.o


==============================================================================

Image component sizes


      Code (inc. data)   RO Data    RW Data    ZI Data      Debug   Object Name

      1116         58        748        446          0      15372   banyan.o
      4750        378         56         48       2208     851619   cmdprocess.o
       136          0          0          0          0      22343   cmsis_os.o
       848        238          0          1         52       5578   config.o
      5744        486         89         46       8440      40116   dataprocess.o
         0          0          0          0          0      16716   event_groups.o
       692         62          0         24      15360       8895   heap_4.o
       148          0          0          0          0       3730   list.o
        42          0          0          0          0        555   main.o
       344         22          0          7          0       6422   platform.o
      1014         92          0         12          0      12297   port.o
      2172         20          0          0          0      15777   queue.o
        40         10          0          0        596       2124   rtos.o
        36          8        428          0       1024        912   startup_stm32f429xx.o
       180          8          0          0          0       1397   stm32_clock.o
       360         40          0          0          0       4865   stm32_flash.o
       352         42          0         30          0       3515   stm32_gpio.o
        84          6          0          0          0       1190   stm32_hal_msp.o
       168         24          0          0         64       2547   stm32_hal_timebase_tim.o
        84         24          0          0          0       5668   stm32_it.o
         2          0          0          0          0       1180   stm32_misc.o
      2576        670          0          9      16928      15303   stm32_spi.o
       248         26          0          0         64       4187   stm32_uart.o
       148         30          0          9          0       4877   stm32f4xx_hal.o
       344         30          0          0          0      35507   stm32f4xx_hal_cortex.o
      1136         16          8          0          0       5045   stm32f4xx_hal_dma.o
      4088         34          0          0          0       4516   stm32f4xx_hal_dma_ex.o
       664         62          0          0         32       6474   stm32f4xx_hal_flash.o
       476         24          0          0          0       3658   stm32f4xx_hal_flash_ex.o
       954        102          0          0          0       4211   stm32f4xx_hal_gpio.o
      3242         18          0          0          0      13749   stm32f4xx_hal_pcd.o
        90          0          0          0          0       2753   stm32f4xx_hal_pcd_ex.o
      1800         94          0          0          0       6693   stm32f4xx_hal_rcc.o
      1948          8          0          0          0       9599   stm32f4xx_hal_spi.o
       726         46          0          0          0       6946   stm32f4xx_hal_tim.o
         4          0          0          0          0       1833   stm32f4xx_hal_tim_ex.o
      1308          8          0          0          0       4064   stm32f4xx_hal_uart.o
      3696        112          0          0          0      24274   stm32f4xx_ll_usb.o
       492         58          0          0         68       9991   system.o
       100         18         24          4          0       1527   system_stm32f4xx.o
      3238        374          0         60        240      25729   tasks.o
       144         68          0          0        720        924   usb_device.o
       712        138         44         22      62160      20555   usb_transfer.o
      1062         24          0        271          0      14181   usbd_cdc.o
       300         30          0         20       9222       5799   usbd_cdc_if.o
      1138         42          0          0       1576      19936   usbd_conf.o
      1004          0          0          0          0      13853   usbd_core.o
      2162         28          0          1          0      17604   usbd_ctlreq.o
       386        122          0         78        512       7857   usbd_desc.o
       174          0          0          0          0       4916   usbd_ioreq.o
        72         32          0          0          0       1272   utilities.o

    ----------------------------------------------------------------------
     52806       3732       1432       1108     119272    1320651   Object Totals
         0          0         32          0          0          0   (incl. Generated)
        62          0          3         20          6          0   (incl. Padding)

    ----------------------------------------------------------------------

      Code (inc. data)   RO Data    RW Data    ZI Data      Debug   Library Member Name

        86          0          0          0          0          0   __dczerorl2.o
         0          0          0          0          0          0   entry.o
         0          0          0          0          0          0   entry10a.o
         0          0          0          0          0          0   entry11a.o
         4          0          0          0          0          0   entry12b.o
         8          4          0          0          0          0   entry2.o
         4          0          0          0          0          0   entry5.o
         0          0          0          0          0          0   entry7b.o
         0          0          0          0          0          0   entry8b.o
         8          4          0          0          0          0   entry9a.o
        30          0          0          0          0          0   handlers.o
        36          8          0          0          0         68   init.o
        30          0          0          0          0         68   llshl.o
        32          0          0          0          0         68   llushr.o
        36          0          0          0          0         68   memcpya.o
        36          0          0          0          0        108   memseta.o
       472         14          0          0          0        184   printf3.o
         0          0          0          4          0          0   stdout.o
        44          0          0          0          0         80   uidiv.o
        98          0          0          0          0         92   uldiv.o

    ----------------------------------------------------------------------
       926         30          0          4          0        736   Library Totals
         2          0          0          0          0          0   (incl. Padding)

    ----------------------------------------------------------------------

      Code (inc. data)   RO Data    RW Data    ZI Data      Debug   Library Name

       924         30          0          4          0        736   mc_w.l

    ----------------------------------------------------------------------
       926         30          0          4          0        736   Library Totals

    ----------------------------------------------------------------------

==============================================================================


      Code (inc. data)   RO Data    RW Data    ZI Data      Debug   

     53732       3762       1432       1112     119272    1277859   Grand Totals
     53732       3762       1432        512     119272    1277859   ELF Image Totals (compressed)
     53732       3762       1432        512          0          0   ROM Totals

==============================================================================

    Total RO  Size (Code + RO Data)                55164 (  53.87kB)
    Total RW  Size (RW Data + ZI Data)            120384 ( 117.56kB)
    Total ROM Size (Code + RO Data + RW Data)      55676 (  54.37kB)

==============================================================================

